Component: ARM Compiler 5.06 update 7 (build 960) Tool: armlink [4d3601]

==============================================================================

Section Cross References

    startup_stm32f103xe.o(RESET) refers to startup_stm32f103xe.o(STACK) for __initial_sp
    startup_stm32f103xe.o(RESET) refers to startup_stm32f103xe.o(.text) for Reset_Handler
    startup_stm32f103xe.o(RESET) refers to stm32f1xx_it.o(i.NMI_Handler) for NMI_Handler
    startup_stm32f103xe.o(RESET) refers to stm32f1xx_it.o(i.HardFault_Handler) for HardFault_Handler
    startup_stm32f103xe.o(RESET) refers to stm32f1xx_it.o(i.MemManage_Handler) for MemManage_Handler
    startup_stm32f103xe.o(RESET) refers to stm32f1xx_it.o(i.BusFault_Handler) for BusFault_Handler
    startup_stm32f103xe.o(RESET) refers to stm32f1xx_it.o(i.UsageFault_Handler) for UsageFault_Handler
    startup_stm32f103xe.o(RESET) refers to port.o(.emb_text) for SVC_Handler
    startup_stm32f103xe.o(RESET) refers to stm32f1xx_it.o(i.DebugMon_Handler) for DebugMon_Handler
    startup_stm32f103xe.o(RESET) refers to port.o(i.SysTick_Handler) for SysTick_Handler
    startup_stm32f103xe.o(RESET) refers to stm32f1xx_it.o(i.DMA1_Channel1_IRQHandler) for DMA1_Channel1_IRQHandler
    startup_stm32f103xe.o(RESET) refers to stm32f1xx_it.o(i.USART1_IRQHandler) for USART1_IRQHandler
    startup_stm32f103xe.o(RESET) refers to stm32f1xx_it.o(i.USART2_IRQHandler) for USART2_IRQHandler
    startup_stm32f103xe.o(RESET) refers to stm32f1xx_it.o(i.USART3_IRQHandler) for USART3_IRQHandler
    startup_stm32f103xe.o(RESET) refers to stm32f1xx_it.o(i.UART4_IRQHandler) for UART4_IRQHandler
    startup_stm32f103xe.o(RESET) refers to stm32f1xx_it.o(i.TIM6_IRQHandler) for TIM6_IRQHandler
    startup_stm32f103xe.o(.text) refers to system_stm32f1xx.o(i.SystemInit) for SystemInit
    startup_stm32f103xe.o(.text) refers to entry.o(.ARM.Collect$$$$00000000) for __main
    main.o(i.HAL_ADC_ConvCpltCallback) refers to cmsis_os.o(i.osSignalSet) for osSignalSet
    main.o(i.HAL_ADC_ConvCpltCallback) refers to freertos.o(.data) for Pull_Task_0Handle
    main.o(i.HAL_TIM_PeriodElapsedCallback) refers to stm32f1xx_hal.o(i.HAL_IncTick) for HAL_IncTick
    main.o(i.HAL_UARTEx_RxEventCallback) refers to cmsis_os.o(i.osSignalSet) for osSignalSet
    main.o(i.HAL_UARTEx_RxEventCallback) refers to cmsis_os.o(i.osSemaphoreRelease) for osSemaphoreRelease
    main.o(i.HAL_UARTEx_RxEventCallback) refers to freertos.o(.data) for GNSS_Task_3Handle
    main.o(i.HAL_UART_RxCpltCallback) refers to cmsis_os.o(i.osSignalSet) for osSignalSet
    main.o(i.HAL_UART_RxCpltCallback) refers to freertos.o(.data) for Battery_Task_1Handle
    main.o(i.SystemClock_Config) refers to memseta.o(.text) for __aeabi_memclr4
    main.o(i.SystemClock_Config) refers to stm32f1xx_hal_rcc.o(i.HAL_RCC_OscConfig) for HAL_RCC_OscConfig
    main.o(i.SystemClock_Config) refers to stm32f1xx_hal_rcc.o(i.HAL_RCC_ClockConfig) for HAL_RCC_ClockConfig
    main.o(i.SystemClock_Config) refers to stm32f1xx_hal_rcc_ex.o(i.HAL_RCCEx_PeriphCLKConfig) for HAL_RCCEx_PeriphCLKConfig
    main.o(i.main) refers to stm32f1xx_hal.o(i.HAL_Init) for HAL_Init
    main.o(i.main) refers to main.o(i.SystemClock_Config) for SystemClock_Config
    main.o(i.main) refers to gpio.o(i.MX_GPIO_Init) for MX_GPIO_Init
    main.o(i.main) refers to dma.o(i.MX_DMA_Init) for MX_DMA_Init
    main.o(i.main) refers to usart.o(i.MX_UART4_Init) for MX_UART4_Init
    main.o(i.main) refers to usart.o(i.MX_USART1_UART_Init) for MX_USART1_UART_Init
    main.o(i.main) refers to usart.o(i.MX_USART2_UART_Init) for MX_USART2_UART_Init
    main.o(i.main) refers to usart.o(i.MX_USART3_UART_Init) for MX_USART3_UART_Init
    main.o(i.main) refers to adc.o(i.MX_ADC1_Init) for MX_ADC1_Init
    main.o(i.main) refers to stm32f1xx_hal_gpio.o(i.HAL_GPIO_WritePin) for HAL_GPIO_WritePin
    main.o(i.main) refers to stm32f1xx_hal_adc_ex.o(i.HAL_ADCEx_Calibration_Start) for HAL_ADCEx_Calibration_Start
    main.o(i.main) refers to freertos.o(i.MX_FREERTOS_Init) for MX_FREERTOS_Init
    main.o(i.main) refers to cmsis_os.o(i.osKernelStart) for osKernelStart
    main.o(i.main) refers to adc.o(.bss) for hadc1
    gpio.o(i.MX_GPIO_Init) refers to stm32f1xx_hal_gpio.o(i.HAL_GPIO_WritePin) for HAL_GPIO_WritePin
    gpio.o(i.MX_GPIO_Init) refers to stm32f1xx_hal_gpio.o(i.HAL_GPIO_Init) for HAL_GPIO_Init
    freertos.o(i.MX_FREERTOS_Init) refers to cmsis_os.o(i.osSemaphoreCreate) for osSemaphoreCreate
    freertos.o(i.MX_FREERTOS_Init) refers to event_groups.o(i.xEventGroupCreate) for xEventGroupCreate
    freertos.o(i.MX_FREERTOS_Init) refers to memcpya.o(.text) for __aeabi_memcpy4
    freertos.o(i.MX_FREERTOS_Init) refers to cmsis_os.o(i.osThreadCreate) for osThreadCreate
    freertos.o(i.MX_FREERTOS_Init) refers to freertos.o(.data) for .data
    freertos.o(i.MX_FREERTOS_Init) refers to freertos.o(.constdata) for .constdata
[...]
    UART_EndRxTransfer                       0x08003701   Thumb Code    48  stm32f1xx_hal_uart.o(i.UART_EndRxTransfer)
    i.UART_Receive_IT                        0x08003730   Section        0  stm32f1xx_hal_uart.o(i.UART_Receive_IT)
    UART_Receive_IT                          0x08003731   Thumb Code   182  stm32f1xx_hal_uart.o(i.UART_Receive_IT)
    i.UART_SetConfig                         0x080037e8   Section        0  stm32f1xx_hal_uart.o(i.UART_SetConfig)
    UART_SetConfig                           0x080037e9   Thumb Code   178  stm32f1xx_hal_uart.o(i.UART_SetConfig)
    i.UART_Start_Receive_IT                  0x080038a0   Section        0  stm32f1xx_hal_uart.o(i.UART_Start_Receive_IT)
    i.USART1_IRQHandler                      0x080038d8   Section        0  stm32f1xx_it.o(i.USART1_IRQHandler)
    i.USART2_IRQHandler                      0x080038e4   Section        0  stm32f1xx_it.o(i.USART2_IRQHandler)
    i.USART3_IRQHandler                      0x080038f0   Section        0  stm32f1xx_it.o(i.USART3_IRQHandler)
    i.UsageFault_Handler                     0x080038fc   Section        0  stm32f1xx_it.o(i.UsageFault_Handler)
    i.__ARM_fpclassify                       0x080038fe   Section        0  fpclassify.o(i.__ARM_fpclassify)
    i.__NVIC_SetPriority                     0x08003926   Section        0  stm32f1xx_hal_cortex.o(i.__NVIC_SetPriority)
    __NVIC_SetPriority                       0x08003927   Thumb Code    32  stm32f1xx_hal_cortex.o(i.__NVIC_SetPriority)
    i.__ieee754_rem_pio2                     0x08003948   Section        0  rred.o(i.__ieee754_rem_pio2)
    i.__kernel_cos                           0x08003cd0   Section        0  cos_i.o(i.__kernel_cos)
    i.__kernel_poly                          0x08003dcc   Section        0  poly.o(i.__kernel_poly)
    i.__kernel_sin                           0x08003e78   Section        0  sin_i.o(i.__kernel_sin)
    i.__mathlib_dbl_infnan                   0x08003f64   Section        0  dunder.o(i.__mathlib_dbl_infnan)
    i.__mathlib_dbl_invalid                  0x08003f6a   Section        0  dunder.o(i.__mathlib_dbl_invalid)
    i.__mathlib_dbl_underflow                0x08003f78   Section        0  dunder.o(i.__mathlib_dbl_underflow)
    i.__scatterload_copy                     0x08003f88   Section       14  handlers.o(i.__scatterload_copy)
    i.__scatterload_null                     0x08003f96   Section        2  handlers.o(i.__scatterload_null)
    i.__scatterload_zeroinit                 0x08003f98   Section       14  handlers.o(i.__scatterload_zeroinit)
    i.__set_errno                            0x08003fa8   Section        0  errno.o(i.__set_errno)
    i.acos                                   0x08003fb4   Section        0  acos.o(i.acos)
    i.char2double                            0x08004230   Section        0  lora.o(i.char2double)
    i.cos                                    0x080043d8   Section        0  cos.o(i.cos)
    i.distance_cal                           0x08004474   Section        0  lora.o(i.distance_cal)
    i.inHandlerMode                          0x08004520   Section        0  cmsis_os.o(i.inHandlerMode)
    inHandlerMode                            0x08004521   Thumb Code    12  cmsis_os.o(i.inHandlerMode)
    i.main                                   0x0800452c   Section        0  main.o(i.main)
    i.makeFreeRtosPriority                   0x08004574   Section        0  cmsis_os.o(i.makeFreeRtosPriority)
    makeFreeRtosPriority                     0x08004575   Thumb Code    12  cmsis_os.o(i.makeFreeRtosPriority)
    i.osDelay                                0x08004580   Section        0  cmsis_os.o(i.osDelay)
    i.osKernelStart                          0x0800458e   Section        0  cmsis_os.o(i.osKernelStart)
    i.osSemaphoreCreate                      0x08004598   Section        0  cmsis_os.o(i.osSemaphoreCreate)
    i.osSemaphoreRelease                     0x080045d8   Section        0  cmsis_os.o(i.osSemaphoreRelease)
    i.osSemaphoreWait                        0x08004628   Section        0  cmsis_os.o(i.osSemaphoreWait)
    i.osSignalSet                            0x0800468c   Section        0  cmsis_os.o(i.osSignalSet)
    i.osSignalWait                           0x080046e8   Section        0  cmsis_os.o(i.osSignalWait)
    i.osThreadCreate                         0x0800473e   Section        0  cmsis_os.o(i.osThreadCreate)
    i.prvAddCurrentTaskToDelayedList         0x08004794   Section        0  tasks.o(i.prvAddCurrentTaskToDelayedList)
    prvAddCurrentTaskToDelayedList           0x08004795   Thumb Code   102  tasks.o(i.prvAddCurrentTaskToDelayedList)
    i.prvAddNewTaskToReadyList               0x08004804   Section        0  tasks.o(i.prvAddNewTaskToReadyList)
    prvAddNewTaskToReadyList                 0x08004805   Thumb Code   194  tasks.o(i.prvAddNewTaskToReadyList)
    i.prvCopyDataFromQueue                   0x080048d4   Section        0  queue.o(i.prvCopyDataFromQueue)
    prvCopyDataFromQueue                     0x080048d5   Thumb Code    38  queue.o(i.prvCopyDataFromQueue)
    i.prvCopyDataToQueue                     0x080048fa   Section        0  queue.o(i.prvCopyDataToQueue)
    prvCopyDataToQueue                       0x080048fb   Thumb Code   108  queue.o(i.prvCopyDataToQueue)
    i.prvDeleteTCB                           0x08004966   Section        0  tasks.o(i.prvDeleteTCB)
    prvDeleteTCB                             0x08004967   Thumb Code    52  tasks.o(i.prvDeleteTCB)
    i.prvHeapInit                            0x0800499c   Section        0  heap_4.o(i.prvHeapInit)
    prvHeapInit                              0x0800499d   Thumb Code    66  heap_4.o(i.prvHeapInit)
    i.prvIdleTask                            0x080049e8   Section        0  tasks.o(i.prvIdleTask)
    prvIdleTask                              0x080049e9   Thumb Code    82  tasks.o(i.prvIdleTask)
    i.prvInitialiseNewQueue                  0x08004a48   Section        0  queue.o(i.prvInitialiseNewQueue)
    prvInitialiseNewQueue                    0x08004a49   Thumb Code    22  queue.o(i.prvInitialiseNewQueue)
    i.prvInitialiseNewTask                   0x08004a5e   Section        0  tasks.o(i.prvInitialiseNewTask)
    prvInitialiseNewTask                     0x08004a5f   Thumb Code   142  tasks.o(i.prvInitialiseNewTask)
    i.prvInsertBlockIntoFreeList             0x08004aec   Section        0  heap_4.o(i.prvInsertBlockIntoFreeList)
    prvInsertBlockIntoFreeList               0x08004aed   Thumb Code    72  heap_4.o(i.prvInsertBlockIntoFreeList)
    i.prvIsQueueEmpty                        0x08004b38   Section        0  queue.o(i.prvIsQueueEmpty)
    prvIsQueueEmpty                          0x08004b39   Thumb Code    28  queue.o(i.prvIsQueueEmpty)
    i.prvResetNextTaskUnblockTime            0x08004b54   Section        0  tasks.o(i.prvResetNextTaskUnblockTime)
    prvResetNextTaskUnblockTime              0x08004b55   Thumb Code    26  tasks.o(i.prvResetNextTaskUnblockTime)
    i.prvTaskExitError                       0x08004b74   Section        0  port.o(i.prvTaskExitError)
    prvTaskExitError                         0x08004b75   Thumb Code    36  port.o(i.prvTaskExitError)
    i.prvTestWaitCondition                   0x08004b9c   Section        0  event_groups.o(i.prvTestWaitCondition)
    prvTestWaitCondition                     0x08004b9d   Thumb Code    20  event_groups.o(i.prvTestWaitCondition)
    i.prvUnlockQueue                         0x08004bb0   Section        0  queue.o(i.prvUnlockQueue)
    prvUnlockQueue                           0x08004bb1   Thumb Code   106  queue.o(i.prvUnlockQueue)
    i.pvPortMalloc                           0x08004c1c   Section        0  heap_4.o(i.pvPortMalloc)
    i.pvTaskIncrementMutexHeldCount          0x08004cf4   Section        0  tasks.o(i.pvTaskIncrementMutexHeldCount)
    i.pxPortInitialiseStack                  0x08004d0c   Section        0  port.o(i.pxPortInitialiseStack)
    i.sin                                    0x08004d30   Section        0  sin.o(i.sin)
    i.sqrt                                   0x08004dd0   Section        0  sqrt.o(i.sqrt)
    i.tran2rad                               0x08004e1c   Section        0  lora.o(i.tran2rad)
    i.uxListRemove                           0x08004e40   Section        0  list.o(i.uxListRemove)
    i.uxTaskResetEventItemValue              0x08004e68   Section        0  tasks.o(i.uxTaskResetEventItemValue)
    i.vApplicationGetIdleTaskMemory          0x08004e80   Section        0  freertos.o(i.vApplicationGetIdleTaskMemory)
    i.vListInitialise                        0x08004e94   Section        0  list.o(i.vListInitialise)
    i.vListInitialiseItem                    0x08004eaa   Section        0  list.o(i.vListInitialiseItem)
    i.vListInsert                            0x08004eb0   Section        0  list.o(i.vListInsert)
    i.vListInsertEnd                         0x08004ee0   Section        0  list.o(i.vListInsertEnd)
    i.vPortEnterCritical                     0x08004ef8   Section        0  port.o(i.vPortEnterCritical)
    i.vPortExitCritical                      0x08004f38   Section        0  port.o(i.vPortExitCritical)
    i.vPortFree                              0x08004f60   Section        0  heap_4.o(i.vPortFree)
    i.vPortSetupTimerInterrupt               0x08004fbc   Section        0  port.o(i.vPortSetupTimerInterrupt)
    i.vPortValidateInterruptPriority         0x08004fe0   Section        0  port.o(i.vPortValidateInterruptPriority)
    i.vTaskDelay                             0x08005034   Section        0  tasks.o(i.vTaskDelay)
    i.vTaskInternalSetTimeOutState           0x08005080   Section        0  tasks.o(i.vTaskInternalSetTimeOutState)
    i.vTaskMissedYield                       0x08005090   Section        0  tasks.o(i.vTaskMissedYield)
    i.vTaskPlaceOnEventList                  0x0800509c   Section        0  tasks.o(i.vTaskPlaceOnEventList)
    i.vTaskPlaceOnUnorderedEventList         0x080050cc   Section        0  tasks.o(i.vTaskPlaceOnUnorderedEventList)
    i.vTaskPriorityDisinheritAfterTimeout    0x0800511c   Section        0  tasks.o(i.vTaskPriorityDisinheritAfterTimeout)
    i.vTaskRemoveFromUnorderedEventList      0x080051c4   Section        0  tasks.o(i.vTaskRemoveFromUnorderedEventList)
    i.vTaskStartScheduler                    0x08005234   Section        0  tasks.o(i.vTaskStartScheduler)
    i.vTaskSuspendAll                        0x080052a0   Section        0  tasks.o(i.vTaskSuspendAll)
    i.vTaskSwitchContext                     0x080052b0   Section        0  tasks.o(i.vTaskSwitchContext)
    i.xEventGroupCreate                      0x0800530c   Section        0  event_groups.o(i.xEventGroupCreate)
    i.xEventGroupSetBits                     0x08005328   Section        0  event_groups.o(i.xEventGroupSetBits)
    i.xEventGroupWaitBits                    0x080053b4   Section        0  event_groups.o(i.xEventGroupWaitBits)
    i.xPortStartScheduler                    0x080054bc   Section        0  port.o(i.xPortStartScheduler)
    i.xQueueGenericCreate                    0x08005564   Section        0  queue.o(i.xQueueGenericCreate)
    i.xQueueGenericCreateStatic              0x080055ac   Section        0  queue.o(i.xQueueGenericCreateStatic)
    i.xQueueGenericReset                     0x08005614   Section        0  queue.o(i.xQueueGenericReset)
    i.xQueueGenericSend                      0x0800569c   Section        0  queue.o(i.xQueueGenericSend)
    i.xQueueGiveFromISR                      0x080057fc   Section        0  queue.o(i.xQueueGiveFromISR)
    i.xQueueReceiveFromISR                   0x08005898   Section        0  queue.o(i.xQueueReceiveFromISR)
    i.xQueueSemaphoreTake                    0x08005934   Section        0  queue.o(i.xQueueSemaphoreTake)
    i.xTaskCheckForTimeOut                   0x08005aac   Section        0  tasks.o(i.xTaskCheckForTimeOut)
    i.xTaskCreate                            0x08005b20   Section        0  tasks.o(i.xTaskCreate)
    i.xTaskCreateStatic                      0x08005b7a   Section        0  tasks.o(i.xTaskCreateStatic)
    i.xTaskGenericNotify                     0x08005bd0   Section        0  tasks.o(i.xTaskGenericNotify)
    i.xTaskGenericNotifyFromISR              0x08005c9c   Section        0  tasks.o(i.xTaskGenericNotifyFromISR)
    i.xTaskGetSchedulerState                 0x08005d8c   Section        0  tasks.o(i.xTaskGetSchedulerState)
    i.xTaskIncrementTick                     0x08005da8   Section        0  tasks.o(i.xTaskIncrementTick)
    i.xTaskNotifyWait                        0x08005e70   Section        0  tasks.o(i.xTaskNotifyWait)
    i.xTaskPriorityDisinherit                0x08005efc   Section        0  tasks.o(i.xTaskPriorityDisinherit)
    i.xTaskPriorityInherit                   0x08005f94   Section        0  tasks.o(i.xTaskPriorityInherit)
    i.xTaskRemoveFromEventList               0x08006028   Section        0  tasks.o(i.xTaskRemoveFromEventList)
    i.xTaskResumeAll                         0x0800609c   Section        0  tasks.o(i.xTaskResumeAll)
    .constdata                               0x08006160   Section      168  freertos.o(.constdata)
    .constdata                               0x08006208   Section       16  system_stm32f1xx.o(.constdata)
    .constdata                               0x08006218   Section        8  system_stm32f1xx.o(.constdata)
    .constdata                               0x08006220   Section       80  acos.o(.constdata)
    pS                                       0x08006220   Data          48  acos.o(.constdata)
    qS                                       0x08006250   Data          32  acos.o(.constdata)
    .constdata                               0x08006270   Section       48  cos_i.o(.constdata)
    C                                        0x08006270   Data          48  cos_i.o(.constdata)
    .constdata                               0x080062a0   Section      200  rred.o(.constdata)
    pio2s                                    0x080062a0   Data          48  rred.o(.constdata)
    twooverpi                                0x080062d0   Data         152  rred.o(.constdata)
    .constdata                               0x08006368   Section       40  sin_i.o(.constdata)
    S                                        0x08006368   Data          40  sin_i.o(.constdata)
    .conststring                             0x08006390   Section       86  freertos.o(.conststring)
    .data                                    0x20000000   Section       32  freertos.o(.data)
    .data                                    0x20000020   Section       12  stm32f1xx_hal.o(.data)
    .data                                    0x2000002c   Section        4  system_stm32f1xx.o(.data)
    .data                                    0x20000030   Section       60  tasks.o(.data)
    pxDelayedTaskList                        0x20000034   Data           4  tasks.o(.data)
    pxOverflowDelayedTaskList                0x20000038   Data           4  tasks.o(.data)
    uxDeletedTasksWaitingCleanUp             0x2000003c   Data           4  tasks.o(.data)
    uxCurrentNumberOfTasks                   0x20000040   Data           4  tasks.o(.data)
    xTickCount                               0x20000044   Data           4  tasks.o(.data)
    uxTopReadyPriority                       0x20000048   Data           4  tasks.o(.data)
    xSchedulerRunning                        0x2000004c   Data           4  tasks.o(.data)
    uxPendedTicks                            0x20000050   Data           4  tasks.o(.data)
    xYieldPending                            0x20000054   Data           4  tasks.o(.data)
    xNumOfOverflows                          0x20000058   Data           4  tasks.o(.data)
    uxTaskNumber                             0x2000005c   Data           4  tasks.o(.data)
    xNextTaskUnblockTime                     0x20000060   Data           4  tasks.o(.data)
    xIdleTaskHandle                          0x20000064   Data           4  tasks.o(.data)
    uxSchedulerSuspended                     0x20000068   Data           4  tasks.o(.data)
    .data                                    0x2000006c   Section       24  heap_4.o(.data)
    pxEnd                                    0x2000006c   Data           4  heap_4.o(.data)
    xFreeBytesRemaining                      0x20000070   Data           4  heap_4.o(.data)
    xMinimumEverFreeBytesRemaining           0x20000074   Data           4  heap_4.o(.data)
    xBlockAllocatedBit                       0x20000078   Data           4  heap_4.o(.data)
    xStart                                   0x2000007c   Data           8  heap_4.o(.data)
    .data                                    0x20000084   Section       12  port.o(.data)
    ucMaxSysCallPriority                     0x20000084   Data           1  port.o(.data)
    uxCriticalNesting                        0x20000088   Data           4  port.o(.data)
    ulMaxPRIGROUPValue                       0x2000008c   Data           4  port.o(.data)
    .data                                    0x20000090   Section       18  angle.o(.data)
    .data                                    0x200000a2   Section        3  battery.o(.data)
    .data                                    0x200000a8   Section       32  lora.o(.data)
    .data                                    0x200000c8   Section        4  errno.o(.data)
    _errno                                   0x200000c8   Data           4  errno.o(.data)
    .bss                                     0x200000cc   Section      596  freertos.o(.bss)
    xIdleTaskTCBBuffer                       0x200000cc   Data          84  freertos.o(.bss)
    xIdleStack                               0x20000120   Data         512  freertos.o(.bss)
    .bss                                     0x20000320   Section      116  adc.o(.bss)
    .bss                                     0x20000394   Section      272  usart.o(.bss)
    .bss                                     0x200004a4   Section       72  stm32f1xx_hal_timebase_tim.o(.bss)
    .bss                                     0x200004ec   Section      240  tasks.o(.bss)
    pxReadyTasksLists                        0x200004ec   Data         140  tasks.o(.bss)
    xDelayedTaskList1                        0x20000578   Data          20  tasks.o(.bss)
    xDelayedTaskList2                        0x2000058c   Data          20  tasks.o(.bss)
    xPendingReadyList                        0x200005a0   Data          20  tasks.o(.bss)
    xTasksWaitingTermination                 0x200005b4   Data          20  tasks.o(.bss)
    xSuspendedTaskList                       0x200005c8   Data          20  tasks.o(.bss)
    .bss                                     0x200005dc   Section     6144  heap_4.o(.bss)
    ucHeap                                   0x200005dc   Data        6144  heap_4.o(.bss)
    .bss                                     0x20001ddc   Section      110  angle.o(.bss)
    .bss                                     0x20001e4a   Section       48  battery.o(.bss)
    .bss                                     0x20001e7a   Section      251  gnss.o(.bss)
    .bss                                     0x20001f78   Section      728  lora.o(.bss)
    .bss                                     0x20002250   Section       72  pull.o(.bss)
    STACK                                    0x20002298   Section     1024  startup_stm32f103xe.o(STACK)

    Global Symbols

    Symbol Name                              Value     Ov Type        Size  Object(Section)

    BuildAttributes$$THM_ISAv4$P$D$K$B$S$PE$A:L22UL41UL21$X:L11$S22US41US21$IEEE1$IW$USESV6$~STKCKD$USESV7$~SHL$OTIME$ROPI$IEEEX$EBA8$MICROLIB$REQ8$PRES8$EABIv2 0x00000000   Number         0  anon$$obj.o ABSOLUTE
    __ARM_use_no_argv                        0x00000000   Number         0  main.o ABSOLUTE
    __arm_fini_                               - Undefined Weak Reference
    __cpp_initialize__aeabi_                  - Undefined Weak Reference
    __cxa_finalize                            - Undefined Weak Reference
    __decompress                              - Undefined Weak Reference
    _clock_init                               - Undefined Weak Reference
    _microlib_exit                            - Undefined Weak Reference
    __Vectors_Size                           0x00000130   Number         0  startup_stm32f103xe.o ABSOLUTE
    __Vectors                                0x08000000   Data           4  startup_stm32f103xe.o(RESET)
    __Vectors_End                            0x08000130   Data           0  startup_stm32f103xe.o(RESET)
    __main                                   0x08000131   Thumb Code     0  entry.o(.ARM.Collect$$$$00000000)
    _main_stk                                0x08000131   Thumb Code     0  entry2.o(.ARM.Collect$$$$00000001)
    _main_scatterload                        0x08000135   Thumb Code     0  entry5.o(.ARM.Collect$$$$00000004)
    __main_after_scatterload                 0x08000139   Thumb Code     0  entry5.o(.ARM.Collect$$$$00000004)
    _main_clock                              0x08000139   Thumb Code     0  entry7b.o(.ARM.Collect$$$$00000008)
    _main_cpp_init                           0x08000139   Thumb Code     0  entry8b.o(.ARM.Collect$$$$0000000A)
    _main_init                               0x08000139   Thumb Code     0  entry9a.o(.ARM.Collect$$$$0000000B)
    __rt_lib_shutdown_fini                   0x08000141   Thumb Code     0  entry12b.o(.ARM.Collect$$$$0000000E)
    __rt_final_cpp                           0x08000145   Thumb Code     0  entry10a.o(.ARM.Collect$$$$0000000F)
    __rt_final_exit                          0x08000145   Thumb Code     0  entry11a.o(.ARM.Collect$$$$00000011)
    SVC_Handler                              0x08000149   Thumb Code    32  port.o(.emb_text)
    __asm___6_port_c_39a90d8d__prvStartFirstTask 0x0800016d   Thumb Code    28  port.o(.emb_text)
    PendSV_Handler                           0x0800018d   Thumb Code    72  port.o(.emb_text)
    vPortGetIPSR                             0x080001d9   Thumb Code     6  port.o(.emb_text)
    Reset_Handler                            0x080001e1   Thumb Code     8  startup_stm32f103xe.o(.text)
    ADC1_2_IRQHandler                        0x080001fb   Thumb Code     0  startup_stm32f103xe.o(.text)
    ADC3_IRQHandler                          0x080001fb   Thumb Code     0  startup_stm32f103xe.o(.text)
    CAN1_RX1_IRQHandler                      0x080001fb   Thumb Code     0  startup_stm32f103xe.o(.text)
    CAN1_SCE_IRQHandler                      0x080001fb   Thumb Code     0  startup_stm32f103xe.o(.text)
    DMA1_Channel2_IRQHandler                 0x080001fb   Thumb Code     0  startup_stm32f103xe.o(.text)
    DMA1_Channel3_IRQHandler                 0x080001fb   Thumb Code     0  startup_stm32f103xe.o(.text)
    DMA1_Channel4_IRQHandler                 0x080001fb   Thumb Code     0  startup_stm32f103xe.o(.text)
    DMA1_Channel5_IRQHandler                 0x080001fb   Thumb Code     0  startup_stm32f103xe.o(.text)
    DMA1_Channel6_IRQHandler                 0x080001fb   Thumb Code     0  startup_stm32f103xe.o(.text)
    DMA1_Channel7_IRQHandler                 0x080001fb   Thumb Code     0  startup_stm32f103xe.o(.text)
    DMA2_Channel1_IRQHandler                 0x080001fb   Thumb Code     0  startup_stm32f103xe.o(.text)
    DMA2_Channel2_IRQHandler                 0x080001fb   Thumb Code     0  startup_stm32f103xe.o(.text)
    DMA2_Channel3_IRQHandler                 0x080001fb   Thumb Code     0  startup_stm32f103xe.o(.text)
    DMA2_Channel4_5_IRQHandler               0x080001fb   Thumb Code     0  startup_stm32f103xe.o(.text)
    EXTI0_IRQHandler                         0x080001fb   Thumb Code     0  startup_stm32f103xe.o(.text)
    EXTI15_10_IRQHandler                     0x080001fb   Thumb Code     0  startup_stm32f103xe.o(.text)
    EXTI1_IRQHandler                         0x080001fb   Thumb Code     0  startup_stm32f103xe.o(.text)
    EXTI2_IRQHandler                         0x080001fb   Thumb Code     0  startup_stm32f103xe.o(.text)
    EXTI3_IRQHandler                         0x080001fb   Thumb Code     0  startup_stm32f103xe.o(.text)
    EXTI4_IRQHandler                         0x080001fb   Thumb Code     0  startup_stm32f103xe.o(.text)
    EXTI9_5_IRQHandler                       0x080001fb   Thumb Code     0  startup_stm32f103xe.o(.text)
    FLASH_IRQHandler                         0x080001fb   Thumb Code     0  startup_stm32f103xe.o(.text)
    FSMC_IRQHandler                          0x080001fb   Thumb Code     0  startup_stm32f103xe.o(.text)
    I2C1_ER_IRQHandler                       0x080001fb   Thumb Code     0  startup_stm32f103xe.o(.text)
    I2C1_EV_IRQHandler                       0x080001fb   Thumb Code     0  startup_stm32f103xe.o(.text)
    I2C2_ER_IRQHandler                       0x080001fb   Thumb Code     0  startup_stm32f103xe.o(.text)
    I2C2_EV_IRQHandler                       0x080001fb   Thumb Code     0  startup_stm32f103xe.o(.text)
    PVD_IRQHandler                           0x080001fb   Thumb Code     0  startup_stm32f103xe.o(.text)
    RCC_IRQHandler                           0x080001fb   Thumb Code     0  startup_stm32f103xe.o(.text)
    RTC_Alarm_IRQHandler                     0x080001fb   Thumb Code     0  startup_stm32f103xe.o(.text)
    RTC_IRQHandler                           0x080001fb   Thumb Code     0  startup_stm32f103xe.o(.text)
    SDIO_IRQHandler                          0x080001fb   Thumb Code     0  startup_stm32f103xe.o(.text)
    SPI1_IRQHandler                          0x080001fb   Thumb Code     0  startup_stm32f103xe.o(.text)
    SPI2_IRQHandler                          0x080001fb   Thumb Code     0  startup_stm32f103xe.o(.text)
    SPI3_IRQHandler                          0x080001fb   Thumb Code     0  startup_stm32f103xe.o(.text)
    TAMPER_IRQHandler                        0x080001fb   Thumb Code     0  startup_stm32f103xe.o(.text)
    TIM1_BRK_IRQHandler                      0x080001fb   Thumb Code     0  startup_stm32f103xe.o(.text)
    TIM1_CC_IRQHandler                       0x080001fb   Thumb Code     0  startup_stm32f103xe.o(.text)
    TIM1_TRG_COM_IRQHandler                  0x080001fb   Thumb Code     0  startup_stm32f103xe.o(.text)
    TIM1_UP_IRQHandler                       0x080001fb   Thumb Code     0  startup_stm32f103xe.o(.text)
    TIM2_IRQHandler                          0x080001fb   Thumb Code     0  startup_stm32f103xe.o(.text)
    TIM3_IRQHandler                          0x080001fb   Thumb Code     0  startup_stm32f103xe.o(.text)
    TIM4_IRQHandler                          0x080001fb   Thumb Code     0  startup_stm32f103xe.o(.text)
    TIM5_IRQHandler                          0x080001fb   Thumb Code     0  startup_stm32f103xe.o(.text)
    TIM7_IRQHandler                          0x080001fb   Thumb Code     0  startup_stm32f103xe.o(.text)
    TIM8_BRK_IRQHandler                      0x080001fb   Thumb Code     0  startup_stm32f103xe.o(.text)
    TIM8_CC_IRQHandler                       0x080001fb   Thumb Code     0  startup_stm32f103xe.o(.text)
    TIM8_TRG_COM_IRQHandler                  0x080001fb   Thumb Code     0  startup_stm32f103xe.o(.text)
    TIM8_UP_IRQHandler                       0x080001fb   Thumb Code     0  startup_stm32f103xe.o(.text)
    UART5_IRQHandler                         0x080001fb   Thumb Code     0  startup_stm32f103xe.o(.text)
    USBWakeUp_IRQHandler                     0x080001fb   Thumb Code     0  startup_stm32f103xe.o(.text)
    USB_HP_CAN1_TX_IRQHandler                0x080001fb   Thumb Code     0  startup_stm32f103xe.o(.text)
    USB_LP_CAN1_RX0_IRQHandler               0x080001fb   Thumb Code     0  startup_stm32f103xe.o(.text)
    WWDG_IRQHandler                          0x080001fb   Thumb Code     0  startup_stm32f103xe.o(.text)
    __aeabi_llsr                             0x08000205   Thumb Code    32  llushr.o(.text)
    _ll_ushift_r                             0x08000205   Thumb Code     0  llushr.o(.text)
    __aeabi_memcpy                           0x08000225   Thumb Code    36  memcpya.o(.text)
    __aeabi_memcpy4                          0x08000225   Thumb Code     0  memcpya.o(.text)
    __aeabi_memcpy8                          0x08000225   Thumb Code     0  memcpya.o(.text)
    __aeabi_memset                           0x08000249   Thumb Code    14  memseta.o(.text)
    __aeabi_memset4                          0x08000249   Thumb Code     0  memseta.o(.text)
    __aeabi_memset8                          0x08000249   Thumb Code     0  memseta.o(.text)
    __aeabi_memclr                           0x08000257   Thumb Code     4  memseta.o(.text)
    __aeabi_memclr4                          0x08000257   Thumb Code     0  memseta.o(.text)
    __aeabi_memclr8                          0x08000257   Thumb Code     0  memseta.o(.text)
    memset                                   0x0800025b   Thumb Code    18  memseta.o(.text)
    __aeabi_fmul                             0x0800026d   Thumb Code   100  fmul.o(.text)
    __aeabi_fdiv                             0x080002d1   Thumb Code   124  fdiv.o(.text)
    __ARM_scalbnf                            0x0800034d   Thumb Code    24  fscalb.o(.text)
    scalbnf                                  0x0800034d   Thumb Code     0  fscalb.o(.text)
    __aeabi_dadd                             0x08000365   Thumb Code   322  dadd.o(.text)
    __aeabi_dsub                             0x080004a7   Thumb Code     6  dadd.o(.text)
    __aeabi_drsub                            0x080004ad   Thumb Code     6  dadd.o(.text)
    __aeabi_dmul                             0x080004b3   Thumb Code   228  dmul.o(.text)
    __aeabi_ddiv                             0x08000597   Thumb Code   222  ddiv.o(.text)
    __aeabi_ui2f                             0x08000675   Thumb Code    10  ffltui.o(.text)
    __aeabi_ui2d                             0x0800067f   Thumb Code    26  dfltui.o(.text)
    __aeabi_f2uiz                            0x08000699   Thumb Code    40  ffixui.o(.text)
    __aeabi_cdcmpeq                          0x080006c1   Thumb Code     0  cdcmple.o(.text)
    __aeabi_cdcmple                          0x080006c1   Thumb Code    48  cdcmple.o(.text)
    __aeabi_cdrcmple                         0x080006f1   Thumb Code    48  cdrcmple.o(.text)
    __aeabi_d2f                              0x08000721   Thumb Code    56  d2f.o(.text)
    __aeabi_llsl                             0x08000759   Thumb Code    30  llshl.o(.text)
    _ll_shift_l                              0x08000759   Thumb Code     0  llshl.o(.text)
    __aeabi_lasr                             0x08000777   Thumb Code    36  llsshr.o(.text)
    _ll_sshift_r                             0x08000777   Thumb Code     0  llsshr.o(.text)
    __I$use$fp                               0x0800079b   Thumb Code     0  iusefp.o(.text)
    _float_round                             0x0800079b   Thumb Code    18  fepilogue.o(.text)
    _float_epilogue                          0x080007ad   Thumb Code    92  fepilogue.o(.text)
    _double_round                            0x08000809   Thumb Code    30  depilogue.o(.text)
    _double_epilogue                         0x08000827   Thumb Code   156  depilogue.o(.text)
    __ARM_scalbn                             0x080008c3   Thumb Code    46  dscalb.o(.text)
    scalbn                                   0x080008c3   Thumb Code     0  dscalb.o(.text)
    __scatterload                            0x080008f1   Thumb Code    28  init.o(.text)
    __scatterload_rt2                        0x080008f1   Thumb Code     0  init.o(.text)
    _dsqrt                                   0x08000915   Thumb Code   162  dsqrt.o(.text)
    __aeabi_i2d                              0x080009b7   Thumb Code    34  dflti.o(.text)
    __aeabi_d2iz                             0x080009d9   Thumb Code    62  dfixi.o(.text)
    ADC_ConversionStop_Disable               0x08000a19   Thumb Code    86  stm32f1xx_hal_adc.o(i.ADC_ConversionStop_Disable)
    ADC_DMAConvCplt                          0x08000a6f   Thumb Code    78  stm32f1xx_hal_adc.o(i.ADC_DMAConvCplt)
    ADC_DMAError                             0x08000abd   Thumb Code    26  stm32f1xx_hal_adc.o(i.ADC_DMAError)
    ADC_DMAHalfConvCplt                      0x08000ad7   Thumb Code    10  stm32f1xx_hal_adc.o(i.ADC_DMAHalfConvCplt)
    ADC_Enable                               0x08000ae1   Thumb Code   114  stm32f1xx_hal_adc.o(i.ADC_Enable)
    Angle_Data_Handle                        0x08000b5d   Thumb Code   350  angle.o(i.Angle_Data_Handle)
    Battery_Data_Handle                      0x08000ccd   Thumb Code   112  battery.o(i.Battery_Data_Handle)
    BusFault_Handler                         0x08000d45   Thumb Code     2  stm32f1xx_it.o(i.BusFault_Handler)
    DMA1_Channel1_IRQHandler                 0x08000d49   Thumb Code     6  stm32f1xx_it.o(i.DMA1_Channel1_IRQHandler)
    Data_Upstream                            0x08000d81   Thumb Code    80  lora.o(i.Data_Upstream)
    DebugMon_Handler                         0x08000ded   Thumb Code     2  stm32f1xx_it.o(i.DebugMon_Handler)
    Error_Handler                            0x08000def   Thumb Code     4  main.o(i.Error_Handler)
    Gnss_Data_Handle                         0x08000df5   Thumb Code   866  gnss.o(i.Gnss_Data_Handle)
    HAL_ADCEx_Calibration_Start              0x0800118d   Thumb Code   210  stm32f1xx_hal_adc_ex.o(i.HAL_ADCEx_Calibration_Start)
    HAL_ADC_ConfigChannel                    0x08001265   Thumb Code   240  stm32f1xx_hal_adc.o(i.HAL_ADC_ConfigChannel)
    HAL_ADC_ConvCpltCallback                 0x08001361   Thumb Code    20  main.o(i.HAL_ADC_ConvCpltCallback)
    HAL_ADC_ConvHalfCpltCallback             0x0800137d   Thumb Code     2  stm32f1xx_hal_adc.o(i.HAL_ADC_ConvHalfCpltCallback)
    HAL_ADC_ErrorCallback                    0x0800137f   Thumb Code     2  stm32f1xx_hal_adc.o(i.HAL_ADC_ErrorCallback)
    HAL_ADC_Init                             0x08001381   Thumb Code   272  stm32f1xx_hal_adc.o(i.HAL_ADC_Init)
    HAL_ADC_MspInit                          0x080014a1   Thumb Code   180  adc.o(i.HAL_ADC_MspInit)
    HAL_ADC_Start_DMA                        0x08001571   Thumb Code   246  stm32f1xx_hal_adc.o(i.HAL_ADC_Start_DMA)
    HAL_DMA_Abort                            0x0800167d   Thumb Code    70  stm32f1xx_hal_dma.o(i.HAL_DMA_Abort)
    HAL_DMA_Abort_IT                         0x080016c5   Thumb Code   296  stm32f1xx_hal_dma.o(i.HAL_DMA_Abort_IT)
    HAL_DMA_IRQHandler                       0x080017f5   Thumb Code   552  stm32f1xx_hal_dma.o(i.HAL_DMA_IRQHandler)
    HAL_DMA_Init                             0x08001a3d   Thumb Code   112  stm32f1xx_hal_dma.o(i.HAL_DMA_Init)
    HAL_DMA_Start_IT                         0x08001ab9   Thumb Code   112  stm32f1xx_hal_dma.o(i.HAL_DMA_Start_IT)
    HAL_Delay                                0x08001b29   Thumb Code    32  stm32f1xx_hal.o(i.HAL_Delay)
    HAL_GPIO_Init                            0x08001b4d   Thumb Code   462  stm32f1xx_hal_gpio.o(i.HAL_GPIO_Init)
    HAL_GPIO_WritePin                        0x08001d45   Thumb Code    10  stm32f1xx_hal_gpio.o(i.HAL_GPIO_WritePin)
    HAL_GetTick                              0x08001d51   Thumb Code     6  stm32f1xx_hal.o(i.HAL_GetTick)
    HAL_IncTick                              0x08001d5d   Thumb Code    12  stm32f1xx_hal.o(i.HAL_IncTick)
    HAL_Init                                 0x08001d6d   Thumb Code    32  stm32f1xx_hal.o(i.HAL_Init)
    HAL_InitTick                             0x08001d91   Thumb Code   100  stm32f1xx_hal_timebase_tim.o(i.HAL_InitTick)
    HAL_MspInit                              0x08001e05   Thumb Code    62  stm32f1xx_hal_msp.o(i.HAL_MspInit)
    HAL_NVIC_EnableIRQ                       0x08001e4d   Thumb Code    26  stm32f1xx_hal_cortex.o(i.HAL_NVIC_EnableIRQ)
    HAL_NVIC_SetPriority                     0x08001e69   Thumb Code    60  stm32f1xx_hal_cortex.o(i.HAL_NVIC_SetPriority)
    HAL_NVIC_SetPriorityGrouping             0x08001ea9   Thumb Code    26  stm32f1xx_hal_cortex.o(i.HAL_NVIC_SetPriorityGrouping)
    HAL_RCCEx_GetPeriphCLKFreq               0x08001ecd   Thumb Code   180  stm32f1xx_hal_rcc_ex.o(i.HAL_RCCEx_GetPeriphCLKFreq)
    HAL_RCCEx_PeriphCLKConfig                0x08001fa1   Thumb Code   224  stm32f1xx_hal_rcc_ex.o(i.HAL_RCCEx_PeriphCLKConfig)
    HAL_RCC_ClockConfig                      0x0800208d   Thumb Code   280  stm32f1xx_hal_rcc.o(i.HAL_RCC_ClockConfig)
    HAL_RCC_GetClockConfig                   0x080021b9   Thumb Code    54  stm32f1xx_hal_rcc.o(i.HAL_RCC_GetClockConfig)
    HAL_RCC_GetPCLK1Freq                     0x080021f9   Thumb Code    20  stm32f1xx_hal_rcc.o(i.HAL_RCC_GetPCLK1Freq)
    HAL_RCC_GetPCLK2Freq                     0x08002219   Thumb Code    20  stm32f1xx_hal_rcc.o(i.HAL_RCC_GetPCLK2Freq)
    HAL_RCC_GetSysClockFreq                  0x08002239   Thumb Code    74  stm32f1xx_hal_rcc.o(i.HAL_RCC_GetSysClockFreq)
    HAL_RCC_OscConfig                        0x080022a5   Thumb Code   778  stm32f1xx_hal_rcc.o(i.HAL_RCC_OscConfig)
    HAL_TIMEx_BreakCallback                  0x080025c5   Thumb Code     2  stm32f1xx_hal_tim_ex.o(i.HAL_TIMEx_BreakCallback)
    HAL_TIMEx_CommutCallback                 0x080025c7   Thumb Code     2  stm32f1xx_hal_tim_ex.o(i.HAL_TIMEx_CommutCallback)
    HAL_TIM_Base_Init                        0x080025c9   Thumb Code    90  stm32f1xx_hal_tim.o(i.HAL_TIM_Base_Init)
    HAL_TIM_Base_MspInit                     0x08002623   Thumb Code     2  stm32f1xx_hal_tim.o(i.HAL_TIM_Base_MspInit)
    HAL_TIM_Base_Start_IT                    0x08002625   Thumb Code    88  stm32f1xx_hal_tim.o(i.HAL_TIM_Base_Start_IT)
    HAL_TIM_IC_CaptureCallback               0x08002691   Thumb Code     2  stm32f1xx_hal_tim.o(i.HAL_TIM_IC_CaptureCallback)
    HAL_TIM_IRQHandler                       0x08002693   Thumb Code   358  stm32f1xx_hal_tim.o(i.HAL_TIM_IRQHandler)
    HAL_TIM_OC_DelayElapsedCallback          0x080027f9   Thumb Code     2  stm32f1xx_hal_tim.o(i.HAL_TIM_OC_DelayElapsedCallback)
    HAL_TIM_PWM_PulseFinishedCallback        0x080027fb   Thumb Code     2  stm32f1xx_hal_tim.o(i.HAL_TIM_PWM_PulseFinishedCallback)
    HAL_TIM_PeriodElapsedCallback            0x080027fd   Thumb Code    14  main.o(i.HAL_TIM_PeriodElapsedCallback)
    HAL_TIM_TriggerCallback                  0x08002811   Thumb Code     2  stm32f1xx_hal_tim.o(i.HAL_TIM_TriggerCallback)
    HAL_UARTEx_ReceiveToIdle_IT              0x08002813   Thumb Code    74  stm32f1xx_hal_uart.o(i.HAL_UARTEx_ReceiveToIdle_IT)
    HAL_UARTEx_RxEventCallback               0x0800285d   Thumb Code    44  main.o(i.HAL_UARTEx_RxEventCallback)
    HAL_UART_ErrorCallback                   0x08002899   Thumb Code     2  stm32f1xx_hal_uart.o(i.HAL_UART_ErrorCallback)
    HAL_UART_IRQHandler                      0x0800289d   Thumb Code   520  stm32f1xx_hal_uart.o(i.HAL_UART_IRQHandler)
    HAL_UART_Init                            0x08002aa9   Thumb Code    98  stm32f1xx_hal_uart.o(i.HAL_UART_Init)
    HAL_UART_MspInit                         0x08002b0d   Thumb Code   368  usart.o(i.HAL_UART_MspInit)
    HAL_UART_Receive_IT                      0x08002c9d   Thumb Code    42  stm32f1xx_hal_uart.o(i.HAL_UART_Receive_IT)
    HAL_UART_RxCpltCallback                  0x08002cc9   Thumb Code    46  main.o(i.HAL_UART_RxCpltCallback)
    HAL_UART_Transmit_IT                     0x08002d09   Thumb Code    62  stm32f1xx_hal_uart.o(i.HAL_UART_Transmit_IT)
    HAL_UART_TxCpltCallback                  0x08002d47   Thumb Code     2  stm32f1xx_hal_uart.o(i.HAL_UART_TxCpltCallback)
    HardFault_Handler                        0x08002d49   Thumb Code     2  stm32f1xx_it.o(i.HardFault_Handler)
    LoRa_Handle                              0x08002d4d   Thumb Code   698  lora.o(i.LoRa_Handle)
    LoRa_Operation                           0x08003025   Thumb Code   100  lora.o(i.LoRa_Operation)
    MX_ADC1_Init                             0x080030a1   Thumb Code   156  adc.o(i.MX_ADC1_Init)
    MX_DMA_Init                              0x08003145   Thumb Code    40  dma.o(i.MX_DMA_Init)
    MX_FREERTOS_Init                         0x08003171   Thumb Code   162  freertos.o(i.MX_FREERTOS_Init)
    MX_GPIO_Init                             0x0800321d   Thumb Code   156  gpio.o(i.MX_GPIO_Init)
    MX_UART4_Init                            0x080032c5   Thumb Code    48  usart.o(i.MX_UART4_Init)
    MX_USART1_UART_Init                      0x080032fd   Thumb Code    48  usart.o(i.MX_USART1_UART_Init)
    MX_USART2_UART_Init                      0x08003335   Thumb Code    48  usart.o(i.MX_USART2_UART_Init)
    MX_USART3_UART_Init                      0x0800336d   Thumb Code    48  usart.o(i.MX_USART3_UART_Init)
    MemManage_Handler                        0x080033a5   Thumb Code     2  stm32f1xx_it.o(i.MemManage_Handler)
    NMI_Handler                              0x080033a7   Thumb Code     2  stm32f1xx_it.o(i.NMI_Handler)
    Pull_Data_Handle                         0x080033a9   Thumb Code   140  pull.o(i.Pull_Data_Handle)
    Reset_Exec                               0x0800344d   Thumb Code    32  main.o(i.Reset_Exec)
    Start_Angle_FNC                          0x08003475   Thumb Code    44  freertos.o(i.Start_Angle_FNC)
    Start_Battery_FNC                        0x080034a9   Thumb Code    44  freertos.o(i.Start_Battery_FNC)
    Start_GNSS_FNC                           0x080034dd   Thumb Code    44  freertos.o(i.Start_GNSS_FNC)
    Start_LoRa_FNC                           0x08003511   Thumb Code    38  freertos.o(i.Start_LoRa_FNC)
    Start_Pull_FNC                           0x08003545   Thumb Code    44  freertos.o(i.Start_Pull_FNC)
    Start_upstream_FNC                       0x08003579   Thumb Code    40  freertos.o(i.Start_upstream_FNC)
    SysTick_Handler                          0x080035a5   Thumb Code    38  port.o(i.SysTick_Handler)
    SystemClock_Config                       0x080035d1   Thumb Code   122  main.o(i.SystemClock_Config)
    SystemInit                               0x0800364b   Thumb Code     2  system_stm32f1xx.o(i.SystemInit)
    TIM6_IRQHandler                          0x0800364d   Thumb Code     6  stm32f1xx_it.o(i.TIM6_IRQHandler)
    TIM_Base_SetConfig                       0x08003659   Thumb Code   120  stm32f1xx_hal_tim.o(i.TIM_Base_SetConfig)
    UART4_IRQHandler                         0x080036e5   Thumb Code     6  stm32f1xx_it.o(i.UART4_IRQHandler)
    UART_Start_Receive_IT                    0x080038a1   Thumb Code    54  stm32f1xx_hal_uart.o(i.UART_Start_Receive_IT)
    USART1_IRQHandler                        0x080038d9   Thumb Code     6  stm32f1xx_it.o(i.USART1_IRQHandler)
    USART2_IRQHandler                        0x080038e5   Thumb Code     6  stm32f1xx_it.o(i.USART2_IRQHandler)
    USART3_IRQHandler                        0x080038f1   Thumb Code     6  stm32f1xx_it.o(i.USART3_IRQHandler)
    UsageFault_Handler                       0x080038fd   Thumb Code     2  stm32f1xx_it.o(i.UsageFault_Handler)
    __ARM_fpclassify                         0x080038ff   Thumb Code    40  fpclassify.o(i.__ARM_fpclassify)
    __ieee754_rem_pio2                       0x08003949   Thumb Code   828  rred.o(i.__ieee754_rem_pio2)
    __kernel_cos                             0x08003cd1   Thumb Code   230  cos_i.o(i.__kernel_cos)
    __kernel_poly                            0x08003dcd   Thumb Code   170  poly.o(i.__kernel_poly)
    __kernel_sin                             0x08003e79   Thumb Code   224  sin_i.o(i.__kernel_sin)
    __mathlib_dbl_infnan                     0x08003f65   Thumb Code     6  dunder.o(i.__mathlib_dbl_infnan)
    __mathlib_dbl_invalid                    0x08003f6b   Thumb Code    12  dunder.o(i.__mathlib_dbl_invalid)
    __mathlib_dbl_underflow                  0x08003f79   Thumb Code    10  dunder.o(i.__mathlib_dbl_underflow)
    __scatterload_copy                       0x08003f89   Thumb Code    14  handlers.o(i.__scatterload_copy)
    __scatterload_null                       0x08003f97   Thumb Code     2  handlers.o(i.__scatterload_null)
    __scatterload_zeroinit                   0x08003f99   Thumb Code    14  handlers.o(i.__scatterload_zeroinit)
    __set_errno                              0x08003fa9   Thumb Code     6  errno.o(i.__set_errno)
    acos                                     0x08003fb5   Thumb Code   574  acos.o(i.acos)
    char2double                              0x08004231   Thumb Code   374  lora.o(i.char2double)
    cos                                      0x080043d9   Thumb Code   148  cos.o(i.cos)
    distance_cal                             0x08004475   Thumb Code   166  lora.o(i.distance_cal)
    main                                     0x0800452d   Thumb Code    64  main.o(i.main)
    osDelay                                  0x08004581   Thumb Code    14  cmsis_os.o(i.osDelay)
    osKernelStart                            0x0800458f   Thumb Code    10  cmsis_os.o(i.osKernelStart)
    osSemaphoreCreate                        0x08004599   Thumb Code    62  cmsis_os.o(i.osSemaphoreCreate)
    osSemaphoreRelease                       0x080045d9   Thumb Code    74  cmsis_os.o(i.osSemaphoreRelease)
    osSemaphoreWait                          0x08004629   Thumb Code    96  cmsis_os.o(i.osSemaphoreWait)
    osSignalSet                              0x0800468d   Thumb Code    86  cmsis_os.o(i.osSignalSet)
    osSignalWait                             0x080046e9   Thumb Code    86  cmsis_os.o(i.osSignalWait)
    osThreadCreate                           0x0800473f   Thumb Code    84  cmsis_os.o(i.osThreadCreate)
    pvPortMalloc                             0x08004c1d   Thumb Code   210  heap_4.o(i.pvPortMalloc)
    pvTaskIncrementMutexHeldCount            0x08004cf5   Thumb Code    18  tasks.o(i.pvTaskIncrementMutexHeldCount)
    pxPortInitialiseStack                    0x08004d0d   Thumb Code    32  port.o(i.pxPortInitialiseStack)
    sin                                      0x08004d31   Thumb Code   150  sin.o(i.sin)
    sqrt                                     0x08004dd1   Thumb Code    76  sqrt.o(i.sqrt)
    tran2rad                                 0x08004e1d   Thumb Code    22  lora.o(i.tran2rad)
    uxListRemove                             0x08004e41   Thumb Code    38  list.o(i.uxListRemove)
    uxTaskResetEventItemValue                0x08004e69   Thumb Code    20  tasks.o(i.uxTaskResetEventItemValue)
    vApplicationGetIdleTaskMemory            0x08004e81   Thumb Code    16  freertos.o(i.vApplicationGetIdleTaskMemory)
    vListInitialise                          0x08004e95   Thumb Code    22  list.o(i.vListInitialise)
    vListInitialiseItem                      0x08004eab   Thumb Code     6  list.o(i.vListInitialiseItem)
    vListInsert                              0x08004eb1   Thumb Code    48  list.o(i.vListInsert)
    vListInsertEnd                           0x08004ee1   Thumb Code    24  list.o(i.vListInsertEnd)
    vPortEnterCritical                       0x08004ef9   Thumb Code    54  port.o(i.vPortEnterCritical)
    vPortExitCritical                        0x08004f39   Thumb Code    34  port.o(i.vPortExitCritical)
    vPortFree                                0x08004f61   Thumb Code    88  heap_4.o(i.vPortFree)
    vPortSetupTimerInterrupt                 0x08004fbd   Thumb Code    32  port.o(i.vPortSetupTimerInterrupt)
    vPortValidateInterruptPriority           0x08004fe1   Thumb Code    74  port.o(i.vPortValidateInterruptPriority)
    vTaskDelay                               0x08005035   Thumb Code    66  tasks.o(i.vTaskDelay)
    vTaskInternalSetTimeOutState             0x08005081   Thumb Code    12  tasks.o(i.vTaskInternalSetTimeOutState)
    vTaskMissedYield                         0x08005091   Thumb Code     8  tasks.o(i.vTaskMissedYield)
    vTaskPlaceOnEventList                    0x0800509d   Thumb Code    44  tasks.o(i.vTaskPlaceOnEventList)
    vTaskPlaceOnUnorderedEventList           0x080050cd   Thumb Code    76  tasks.o(i.vTaskPlaceOnUnorderedEventList)
    vTaskPriorityDisinheritAfterTimeout      0x0800511d   Thumb Code   160  tasks.o(i.vTaskPriorityDisinheritAfterTimeout)
    vTaskRemoveFromUnorderedEventList        0x080051c5   Thumb Code   104  tasks.o(i.vTaskRemoveFromUnorderedEventList)
    vTaskStartScheduler                      0x08005235   Thumb Code    90  tasks.o(i.vTaskStartScheduler)
    vTaskSuspendAll                          0x080052a1   Thumb Code    10  tasks.o(i.vTaskSuspendAll)
    vTaskSwitchContext                       0x080052b1   Thumb Code    82  tasks.o(i.vTaskSwitchContext)
    xEventGroupCreate                        0x0800530d   Thumb Code    28  event_groups.o(i.xEventGroupCreate)
    xEventGroupSetBits                       0x08005329   Thumb Code   140  event_groups.o(i.xEventGroupSetBits)
    xEventGroupWaitBits                      0x080053b5   Thumb Code   260  event_groups.o(i.xEventGroupWaitBits)
    xPortStartScheduler                      0x080054bd   Thumb Code   154  port.o(i.xPortStartScheduler)
    xQueueGenericCreate                      0x08005565   Thumb Code    72  queue.o(i.xQueueGenericCreate)
    xQueueGenericCreateStatic                0x080055ad   Thumb Code   102  queue.o(i.xQueueGenericCreateStatic)
    xQueueGenericReset                       0x08005615   Thumb Code   132  queue.o(i.xQueueGenericReset)
    xQueueGenericSend                        0x0800569d   Thumb Code   346  queue.o(i.xQueueGenericSend)
    xQueueGiveFromISR                        0x080057fd   Thumb Code   156  queue.o(i.xQueueGiveFromISR)
    xQueueReceiveFromISR                     0x08005899   Thumb Code   154  queue.o(i.xQueueReceiveFromISR)
    xQueueSemaphoreTake                      0x08005935   Thumb Code   372  queue.o(i.xQueueSemaphoreTake)
    xTaskCheckForTimeOut                     0x08005aad   Thumb Code   112  tasks.o(i.xTaskCheckForTimeOut)
    xTaskCreate                              0x08005b21   Thumb Code    90  tasks.o(i.xTaskCreate)
    xTaskCreateStatic                        0x08005b7b   Thumb Code    86  tasks.o(i.xTaskCreateStatic)
    xTaskGenericNotify                       0x08005bd1   Thumb Code   190  tasks.o(i.xTaskGenericNotify)
    xTaskGenericNotifyFromISR                0x08005c9d   Thumb Code   232  tasks.o(i.xTaskGenericNotifyFromISR)
    xTaskGetSchedulerState                   0x08005d8d   Thumb Code    22  tasks.o(i.xTaskGetSchedulerState)
    xTaskIncrementTick                       0x08005da9   Thumb Code   192  tasks.o(i.xTaskIncrementTick)
    xTaskNotifyWait                          0x08005e71   Thumb Code   130  tasks.o(i.xTaskNotifyWait)
    xTaskPriorityDisinherit                  0x08005efd   Thumb Code   144  tasks.o(i.xTaskPriorityDisinherit)
    xTaskPriorityInherit                     0x08005f95   Thumb Code   138  tasks.o(i.xTaskPriorityInherit)
    xTaskRemoveFromEventList                 0x08006029   Thumb Code   108  tasks.o(i.xTaskRemoveFromEventList)
    xTaskResumeAll                           0x0800609d   Thumb Code   182  tasks.o(i.xTaskResumeAll)
    AHBPrescTable                            0x08006208   Data          16  system_stm32f1xx.o(.constdata)
    APBPrescTable                            0x08006218   Data           8  system_stm32f1xx.o(.constdata)
    Region$$Table$$Base                      0x080063e8   Number         0  anon$$obj.o(Region$$Table)
    Region$$Table$$Limit                     0x08006408   Number         0  anon$$obj.o(Region$$Table)
    Upstream_Event_Handle                    0x20000000   Data           4  freertos.o(.data)
    Uart4_LoRa_TaskHandle                    0x20000004   Data           4  freertos.o(.data)
    Battery_Task_1Handle                     0x20000008   Data           4  freertos.o(.data)
    Angle_Task_2Handle                       0x2000000c   Data           4  freertos.o(.data)
    GNSS_Task_3Handle                        0x20000010   Data           4  freertos.o(.data)
    Pull_Task_0Handle                        0x20000014   Data           4  freertos.o(.data)
    Upstream_TaskHandle                      0x20000018   Data           4  freertos.o(.data)
    myBinarySem_CommunicationHandle          0x2000001c   Data           4  freertos.o(.data)
    uwTickFreq                               0x20000020   Data           1  stm32f1xx_hal.o(.data)
    uwTickPrio                               0x20000024   Data           4  stm32f1xx_hal.o(.data)
    uwTick                                   0x20000028   Data           4  stm32f1xx_hal.o(.data)
    SystemCoreClock                          0x2000002c   Data           4  system_stm32f1xx.o(.data)
    pxCurrentTCB                             0x20000030   Data           4  tasks.o(.data)
    X                                        0x20000090   Data           4  angle.o(.data)
    Y                                        0x20000094   Data           4  angle.o(.data)
    Z                                        0x20000098   Data           4  angle.o(.data)
    AngleData                                0x2000009c   Data           6  angle.o(.data)
    BatteryData                              0x200000a2   Data           3  battery.o(.data)
    lora_id                                  0x200000a8   Data           1  lora.o(.data)
    Data_TX_Head                             0x200000a9   Data           3  lora.o(.data)
    Answer_OR                                0x200000ac   Data           8  lora.o(.data)
    LoRa_ID_Config                           0x200000b4   Data           8  lora.o(.data)
    distances                                0x200000c0   Data           8  lora.o(.data)
    hadc1                                    0x20000320   Data          48  adc.o(.bss)
    hdma_adc1                                0x20000350   Data          68  adc.o(.bss)
    huart4                                   0x20000394   Data          68  usart.o(.bss)
    huart1                                   0x200003d8   Data          68  usart.o(.bss)
    huart2                                   0x2000041c   Data          68  usart.o(.bss)
    huart3                                   0x20000460   Data          68  usart.o(.bss)
    htim6                                    0x200004a4   Data          72  stm32f1xx_hal_timebase_tim.o(.bss)
    AngleReal                                0x20001ddc   Data          11  angle.o(.bss)
    AngleBuffer_old                          0x20001de7   Data          66  angle.o(.bss)
    AngleBuffer                              0x20001e29   Data          33  angle.o(.bss)
    BatteryBuffer_old                        0x20001e4a   Data          32  battery.o(.bss)
    BatteryBuffer                            0x20001e6a   Data          16  battery.o(.bss)
    GnssBuffer_old                           0x20001e7a   Data         100  gnss.o(.bss)
    GnssBuffer                               0x20001ede   Data         100  gnss.o(.bss)
    GnssData                                 0x20001f42   Data          30  gnss.o(.bss)
    latdata                                  0x20001f60   Data          10  gnss.o(.bss)
    longdata                                 0x20001f6a   Data          11  gnss.o(.bss)
    All_Data_TX                              0x20001f78   Data          60  lora.o(.bss)
    CmdData_Rx                               0x20001fb4   Data         152  lora.o(.bss)
    all_relay_info                           0x2000204c   Data         152  lora.o(.bss)
    Relay_Buff                               0x200020e8   Data         320  lora.o(.bss)
    Present_posi                             0x20002228   Data          40  lora.o(.bss)
    PullBuffer_old                           0x20002250   Data          10  pull.o(.bss)
    PullBuffer                               0x2000225a   Data          10  pull.o(.bss)
    ADC_Temp                                 0x20002264   Data          10  pull.o(.bss)
    ADC_Real                                 0x20002270   Data          20  pull.o(.bss)
    Pull_Value                               0x20002284   Data          10  pull.o(.bss)
    PullData                                 0x2000228e   Data          10  pull.o(.bss)
    __initial_sp                             0x20002698   Data           0  startup_stm32f103xe.o(STACK)



==============================================================================

Memory Map of the image

  Image Entry point : 0x08000131

  Load Region LR_IROM1 (Base: 0x08000000, Size: 0x000064d4, Max: 0x00040000, ABSOLUTE)

    Execution Region ER_IROM1 (Exec base: 0x08000000, Load base: 0x08000000, Size: 0x00006408, Max: 0x00040000, ABSOLUTE)

    Exec Addr    Load Addr    Size         Type   Attr      Idx    E Section Name        Object

    0x08000000   0x08000000   0x00000130   Data   RO            3    RESET               startup_stm32f103xe.o
    0x08000130   0x08000130   0x00000000   Code   RO         4911  * .ARM.Collect$$$$00000000  mc_w.l(entry.o)
    0x08000130   0x08000130   0x00000004   Code   RO         4986    .ARM.Collect$$$$00000001  mc_w.l(entry2.o)
    0x08000134   0x08000134   0x00000004   Code   RO         4989    .ARM.Collect$$$$00000004  mc_w.l(entry5.o)
    0x08000138   0x08000138   0x00000000   Code   RO         4991    .ARM.Collect$$$$00000008  mc_w.l(entry7b.o)
    0x08000138   0x08000138   0x00000000   Code   RO         4993    .ARM.Collect$$$$0000000A  mc_w.l(entry8b.o)
    0x08000138   0x08000138   0x00000008   Code   RO         4994    .ARM.Collect$$$$0000000B  mc_w.l(entry9a.o)
    0x08000140   0x08000140   0x00000004   Code   RO         5001    .ARM.Collect$$$$0000000E  mc_w.l(entry12b.o)
    0x08000144   0x08000144   0x00000000   Code   RO         4996    .ARM.Collect$$$$0000000F  mc_w.l(entry10a.o)
    0x08000144   0x08000144   0x00000000   Code   RO         4998    .ARM.Collect$$$$00000011  mc_w.l(entry11a.o)
    0x08000144   0x08000144   0x00000004   Code   RO         4987    .ARM.Collect$$$$00002712  mc_w.l(entry2.o)
    0x08000148   0x08000148   0x00000096   Code   RO         4484    .emb_text           port.o
    0x080001de   0x080001de   0x00000002   PAD
    0x080001e0   0x080001e0   0x00000024   Code   RO            4    .text               startup_stm32f103xe.o
    0x08000204   0x08000204   0x00000020   Code   RO         4914    .text               mc_w.l(llushr.o)
    0x08000224   0x08000224   0x00000024   Code   RO         4916    .text               mc_w.l(memcpya.o)
    0x08000248   0x08000248   0x00000024   Code   RO         4920    .text               mc_w.l(memseta.o)
    0x0800026c   0x0800026c   0x00000064   Code   RO         4924    .text               mf_w.l(fmul.o)
    0x080002d0   0x080002d0   0x0000007c   Code   RO         4926    .text               mf_w.l(fdiv.o)
    0x0800034c   0x0800034c   0x00000018   Code   RO         4928    .text               mf_w.l(fscalb.o)
    0x08000364   0x08000364   0x0000014e   Code   RO         4930    .text               mf_w.l(dadd.o)
    0x080004b2   0x080004b2   0x000000e4   Code   RO         4932    .text               mf_w.l(dmul.o)
    0x08000596   0x08000596   0x000000de   Code   RO         4934    .text               mf_w.l(ddiv.o)
    0x08000674   0x08000674   0x0000000a   Code   RO         4936    .text               mf_w.l(ffltui.o)
    0x0800067e   0x0800067e   0x0000001a   Code   RO         4938    .text               mf_w.l(dfltui.o)
    0x08000698   0x08000698   0x00000028   Code   RO         4940    .text               mf_w.l(ffixui.o)
    0x080006c0   0x080006c0   0x00000030   Code   RO         4942    .text               mf_w.l(cdcmple.o)
    0x080006f0   0x080006f0   0x00000030   Code   RO         4944    .text               mf_w.l(cdrcmple.o)
    0x08000720   0x08000720   0x00000038   Code   RO         4946    .text               mf_w.l(d2f.o)
    0x08000758   0x08000758   0x0000001e   Code   RO         5002    .text               mc_w.l(llshl.o)
    0x08000776   0x08000776   0x00000024   Code   RO         5004    .text               mc_w.l(llsshr.o)
    0x0800079a   0x0800079a   0x00000000   Code   RO         5013    .text               mc_w.l(iusefp.o)
    0x0800079a   0x0800079a   0x0000006e   Code   RO         5014    .text               mf_w.l(fepilogue.o)
    0x08000808   0x08000808   0x000000ba   Code   RO         5016    .text               mf_w.l(depilogue.o)
    0x080008c2   0x080008c2   0x0000002e   Code   RO         5018    .text               mf_w.l(dscalb.o)
    0x080008f0   0x080008f0   0x00000024   Code   RO         5022    .text               mc_w.l(init.o)
    0x08000914   0x08000914   0x000000a2   Code   RO         5024    .text               mf_w.l(dsqrt.o)
    0x080009b6   0x080009b6   0x00000022   Code   RO         5026    .text               mf_w.l(dflti.o)
    0x080009d8   0x080009d8   0x0000003e   Code   RO         5028    .text               mf_w.l(dfixi.o)
    0x08000a16   0x08000a16   0x00000002   PAD
    0x08000a18   0x08000a18   0x00000056   Code   RO          678    i.ADC_ConversionStop_Disable  stm32f1xx_hal_adc.o
    0x08000a6e   0x08000a6e   0x0000004e   Code   RO          679    i.ADC_DMAConvCplt   stm32f1xx_hal_adc.o
    0x08000abc   0x08000abc   0x0000001a   Code   RO          680    i.ADC_DMAError      stm32f1xx_hal_adc.o
    0x08000ad6   0x08000ad6   0x0000000a   Code   RO          681    i.ADC_DMAHalfConvCplt  stm32f1xx_hal_adc.o
    0x08000ae0   0x08000ae0   0x0000007c   Code   RO          682    i.ADC_Enable        stm32f1xx_hal_adc.o
    0x08000b5c   0x08000b5c   0x00000170   Code   RO         4564    i.Angle_Data_Handle  angle.o
    0x08000ccc   0x08000ccc   0x00000078   Code   RO         4592    i.Battery_Data_Handle  battery.o
    0x08000d44   0x08000d44   0x00000002   Code   RO          485    i.BusFault_Handler  stm32f1xx_it.o
    0x08000d46   0x08000d46   0x00000002   PAD
    0x08000d48   0x08000d48   0x0000000c   Code   RO          486    i.DMA1_Channel1_IRQHandler  stm32f1xx_it.o
    0x08000d54   0x08000d54   0x0000002a   Code   RO         1332    i.DMA_SetConfig     stm32f1xx_hal_dma.o
    0x08000d7e   0x08000d7e   0x00000002   PAD
    0x08000d80   0x08000d80   0x0000006c   Code   RO         4749    i.Data_Upstream     lora.o
    0x08000dec   0x08000dec   0x00000002   Code   RO          487    i.DebugMon_Handler  stm32f1xx_it.o
    0x08000dee   0x08000dee   0x00000004   Code   RO           13    i.Error_Handler     main.o
    0x08000df2   0x08000df2   0x00000002   PAD
    0x08000df4   0x08000df4   0x00000398   Code   RO         4620    i.Gnss_Data_Handle  gnss.o
    0x0800118c   0x0800118c   0x000000d8   Code   RO          858    i.HAL_ADCEx_Calibration_Start  stm32f1xx_hal_adc_ex.o
    0x08001264   0x08001264   0x000000fc   Code   RO          684    i.HAL_ADC_ConfigChannel  stm32f1xx_hal_adc.o
    0x08001360   0x08001360   0x0000001c   Code   RO           14    i.HAL_ADC_ConvCpltCallback  main.o
    0x0800137c   0x0800137c   0x00000002   Code   RO          686    i.HAL_ADC_ConvHalfCpltCallback  stm32f1xx_hal_adc.o
    0x0800137e   0x0800137e   0x00000002   Code   RO          688    i.HAL_ADC_ErrorCallback  stm32f1xx_hal_adc.o
    0x08001380   0x08001380   0x00000120   Code   RO          693    i.HAL_ADC_Init      stm32f1xx_hal_adc.o
    0x080014a0   0x080014a0   0x000000d0   Code   RO          360    i.HAL_ADC_MspInit   adc.o
    0x08001570   0x08001570   0x0000010c   Code   RO          700    i.HAL_ADC_Start_DMA  stm32f1xx_hal_adc.o
    0x0800167c   0x0800167c   0x00000046   Code   RO         1333    i.HAL_DMA_Abort     stm32f1xx_hal_dma.o
    0x080016c2   0x080016c2   0x00000002   PAD
    0x080016c4   0x080016c4   0x00000130   Code   RO         1334    i.HAL_DMA_Abort_IT  stm32f1xx_hal_dma.o
    0x080017f4   0x080017f4   0x00000248   Code   RO         1338    i.HAL_DMA_IRQHandler  stm32f1xx_hal_dma.o
    0x08001a3c   0x08001a3c   0x0000007c   Code   RO         1339    i.HAL_DMA_Init      stm32f1xx_hal_dma.o
    0x08001ab8   0x08001ab8   0x00000070   Code   RO         1343    i.HAL_DMA_Start_IT  stm32f1xx_hal_dma.o
    0x08001b28   0x08001b28   0x00000024   Code   RO          961    i.HAL_Delay         stm32f1xx_hal.o
    0x08001b4c   0x08001b4c   0x000001f8   Code   RO         1269    i.HAL_GPIO_Init     stm32f1xx_hal_gpio.o
    0x08001d44   0x08001d44   0x0000000a   Code   RO         1273    i.HAL_GPIO_WritePin  stm32f1xx_hal_gpio.o
    0x08001d4e   0x08001d4e   0x00000002   PAD
    0x08001d50   0x08001d50   0x0000000c   Code   RO          965    i.HAL_GetTick       stm32f1xx_hal.o
    0x08001d5c   0x08001d5c   0x00000010   Code   RO          971    i.HAL_IncTick       stm32f1xx_hal.o
    0x08001d6c   0x08001d6c   0x00000024   Code   RO          972    i.HAL_Init          stm32f1xx_hal.o
    0x08001d90   0x08001d90   0x00000074   Code   RO          603    i.HAL_InitTick      stm32f1xx_hal_timebase_tim.o
    0x08001e04   0x08001e04   0x00000048   Code   RO          579    i.HAL_MspInit       stm32f1xx_hal_msp.o
    0x08001e4c   0x08001e4c   0x0000001a   Code   RO         1429    i.HAL_NVIC_EnableIRQ  stm32f1xx_hal_cortex.o
    0x08001e66   0x08001e66   0x00000002   PAD
    0x08001e68   0x08001e68   0x00000040   Code   RO         1435    i.HAL_NVIC_SetPriority  stm32f1xx_hal_cortex.o
    0x08001ea8   0x08001ea8   0x00000024   Code   RO         1436    i.HAL_NVIC_SetPriorityGrouping  stm32f1xx_hal_cortex.o
    0x08001ecc   0x08001ecc   0x000000d4   Code   RO         1231    i.HAL_RCCEx_GetPeriphCLKFreq  stm32f1xx_hal_rcc_ex.o
    0x08001fa0   0x08001fa0   0x000000ec   Code   RO         1232    i.HAL_RCCEx_PeriphCLKConfig  stm32f1xx_hal_rcc_ex.o
    0x0800208c   0x0800208c   0x0000012c   Code   RO         1129    i.HAL_RCC_ClockConfig  stm32f1xx_hal_rcc.o
    0x080021b8   0x080021b8   0x00000040   Code   RO         1133    i.HAL_RCC_GetClockConfig  stm32f1xx_hal_rcc.o
    0x080021f8   0x080021f8   0x00000020   Code   RO         1136    i.HAL_RCC_GetPCLK1Freq  stm32f1xx_hal_rcc.o
    0x08002218   0x08002218   0x00000020   Code   RO         1137    i.HAL_RCC_GetPCLK2Freq  stm32f1xx_hal_rcc.o
    0x08002238   0x08002238   0x0000006c   Code   RO         1138    i.HAL_RCC_GetSysClockFreq  stm32f1xx_hal_rcc.o
    0x080022a4   0x080022a4   0x00000320   Code   RO         1141    i.HAL_RCC_OscConfig  stm32f1xx_hal_rcc.o
    0x080025c4   0x080025c4   0x00000002   Code   RO         2635    i.HAL_TIMEx_BreakCallback  stm32f1xx_hal_tim_ex.o
    0x080025c6   0x080025c6   0x00000002   Code   RO         2636    i.HAL_TIMEx_CommutCallback  stm32f1xx_hal_tim_ex.o
    0x080025c8   0x080025c8   0x0000005a   Code   RO         1931    i.HAL_TIM_Base_Init  stm32f1xx_hal_tim.o
    0x08002622   0x08002622   0x00000002   Code   RO         1933    i.HAL_TIM_Base_MspInit  stm32f1xx_hal_tim.o
    0x08002624   0x08002624   0x0000006c   Code   RO         1936    i.HAL_TIM_Base_Start_IT  stm32f1xx_hal_tim.o
    0x08002690   0x08002690   0x00000002   Code   RO         1965    i.HAL_TIM_IC_CaptureCallback  stm32f1xx_hal_tim.o
    0x08002692   0x08002692   0x00000166   Code   RO         1979    i.HAL_TIM_IRQHandler  stm32f1xx_hal_tim.o
    0x080027f8   0x080027f8   0x00000002   Code   RO         1982    i.HAL_TIM_OC_DelayElapsedCallback  stm32f1xx_hal_tim.o
    0x080027fa   0x080027fa   0x00000002   Code   RO         2009    i.HAL_TIM_PWM_PulseFinishedCallback  stm32f1xx_hal_tim.o
    0x080027fc   0x080027fc   0x00000014   Code   RO           15    i.HAL_TIM_PeriodElapsedCallback  main.o
    0x08002810   0x08002810   0x00000002   Code   RO         2022    i.HAL_TIM_TriggerCallback  stm32f1xx_hal_tim.o
    0x08002812   0x08002812   0x0000004a   Code   RO         2912    i.HAL_UARTEx_ReceiveToIdle_IT  stm32f1xx_hal_uart.o
    0x0800285c   0x0800285c   0x0000003c   Code   RO           16    i.HAL_UARTEx_RxEventCallback  main.o
    0x08002898   0x08002898   0x00000002   Code   RO         2927    i.HAL_UART_ErrorCallback  stm32f1xx_hal_uart.o
    0x0800289a   0x0800289a   0x00000002   PAD
    0x0800289c   0x0800289c   0x0000020c   Code   RO         2930    i.HAL_UART_IRQHandler  stm32f1xx_hal_uart.o
    0x08002aa8   0x08002aa8   0x00000062   Code   RO         2931    i.HAL_UART_Init     stm32f1xx_hal_uart.o
    0x08002b0a   0x08002b0a   0x00000002   PAD
    0x08002b0c   0x08002b0c   0x00000190   Code   RO          426    i.HAL_UART_MspInit  usart.o
    0x08002c9c   0x08002c9c   0x0000002a   Code   RO         2936    i.HAL_UART_Receive_IT  stm32f1xx_hal_uart.o
    0x08002cc6   0x08002cc6   0x00000002   PAD
    0x08002cc8   0x08002cc8   0x00000040   Code   RO           17    i.HAL_UART_RxCpltCallback  main.o
    0x08002d08   0x08002d08   0x0000003e   Code   RO         2941    i.HAL_UART_Transmit_IT  stm32f1xx_hal_uart.o
    0x08002d46   0x08002d46   0x00000002   Code   RO         2942    i.HAL_UART_TxCpltCallback  stm32f1xx_hal_uart.o
    0x08002d48   0x08002d48   0x00000002   Code   RO          488    i.HardFault_Handler  stm32f1xx_it.o
    0x08002d4a   0x08002d4a   0x00000002   PAD
    0x08002d4c   0x08002d4c   0x000002d8   Code   RO         4750    i.LoRa_Handle       lora.o
    0x08003024   0x08003024   0x0000007c   Code   RO         4751    i.LoRa_Operation    lora.o
    0x080030a0   0x080030a0   0x000000a4   Code   RO          361    i.MX_ADC1_Init      adc.o
    0x08003144   0x08003144   0x0000002c   Code   RO          401    i.MX_DMA_Init       dma.o
    0x08003170   0x08003170   0x000000ac   Code   RO          260    i.MX_FREERTOS_Init  freertos.o
    0x0800321c   0x0800321c   0x000000a8   Code   RO          229    i.MX_GPIO_Init      gpio.o
    0x080032c4   0x080032c4   0x00000038   Code   RO          427    i.MX_UART4_Init     usart.o
    0x080032fc   0x080032fc   0x00000038   Code   RO          428    i.MX_USART1_UART_Init  usart.o
    0x08003334   0x08003334   0x00000038   Code   RO          429    i.MX_USART2_UART_Init  usart.o
    0x0800336c   0x0800336c   0x00000038   Code   RO          430    i.MX_USART3_UART_Init  usart.o
    0x080033a4   0x080033a4   0x00000002   Code   RO          489    i.MemManage_Handler  stm32f1xx_it.o
    0x080033a6   0x080033a6   0x00000002   Code   RO          490    i.NMI_Handler       stm32f1xx_it.o
    0x080033a8   0x080033a8   0x000000a4   Code   RO         4861    i.Pull_Data_Handle  pull.o
    0x0800344c   0x0800344c   0x00000028   Code   RO           18    i.Reset_Exec        main.o
    0x08003474   0x08003474   0x00000034   Code   RO          261    i.Start_Angle_FNC   freertos.o
    0x080034a8   0x080034a8   0x00000034   Code   RO          262    i.Start_Battery_FNC  freertos.o
    0x080034dc   0x080034dc   0x00000034   Code   RO          263    i.Start_GNSS_FNC    freertos.o
    0x08003510   0x08003510   0x00000034   Code   RO          264    i.Start_LoRa_FNC    freertos.o
    0x08003544   0x08003544   0x00000034   Code   RO          265    i.Start_Pull_FNC    freertos.o
    0x08003578   0x08003578   0x0000002c   Code   RO          266    i.Start_upstream_FNC  freertos.o
    0x080035a4   0x080035a4   0x0000002c   Code   RO         4485    i.SysTick_Handler   port.o
    0x080035d0   0x080035d0   0x0000007a   Code   RO           19    i.SystemClock_Config  main.o
    0x0800364a   0x0800364a   0x00000002   Code   RO         3260    i.SystemInit        system_stm32f1xx.o
    0x0800364c   0x0800364c   0x0000000c   Code   RO          491    i.TIM6_IRQHandler   stm32f1xx_it.o
    0x08003658   0x08003658   0x0000008c   Code   RO         2024    i.TIM_Base_SetConfig  stm32f1xx_hal_tim.o
    0x080036e4   0x080036e4   0x0000000c   Code   RO          492    i.UART4_IRQHandler  stm32f1xx_it.o
    0x080036f0   0x080036f0   0x00000010   Code   RO         2944    i.UART_DMAAbortOnError  stm32f1xx_hal_uart.o
    0x08003700   0x08003700   0x00000030   Code   RO         2954    i.UART_EndRxTransfer  stm32f1xx_hal_uart.o
    0x08003730   0x08003730   0x000000b6   Code   RO         2956    i.UART_Receive_IT   stm32f1xx_hal_uart.o
    0x080037e6   0x080037e6   0x00000002   PAD
    0x080037e8   0x080037e8   0x000000b8   Code   RO         2957    i.UART_SetConfig    stm32f1xx_hal_uart.o
    0x080038a0   0x080038a0   0x00000036   Code   RO         2959    i.UART_Start_Receive_IT  stm32f1xx_hal_uart.o
    0x080038d6   0x080038d6   0x00000002   PAD
    0x080038d8   0x080038d8   0x0000000c   Code   RO          493    i.USART1_IRQHandler  stm32f1xx_it.o
    0x080038e4   0x080038e4   0x0000000c   Code   RO          494    i.USART2_IRQHandler  stm32f1xx_it.o
    0x080038f0   0x080038f0   0x0000000c   Code   RO          495    i.USART3_IRQHandler  stm32f1xx_it.o
    0x080038fc   0x080038fc   0x00000002   Code   RO          496    i.UsageFault_Handler  stm32f1xx_it.o
    0x080038fe   0x080038fe   0x00000028   Code   RO         5020    i.__ARM_fpclassify  m_ws.l(fpclassify.o)
    0x08003926   0x08003926   0x00000020   Code   RO         1442    i.__NVIC_SetPriority  stm32f1xx_hal_cortex.o
    0x08003946   0x08003946   0x00000002   PAD
    0x08003948   0x08003948   0x00000388   Code   RO         4967    i.__ieee754_rem_pio2  m_ws.l(rred.o)
    0x08003cd0   0x08003cd0   0x000000fc   Code   RO         4948    i.__kernel_cos      m_ws.l(cos_i.o)
    0x08003dcc   0x08003dcc   0x000000aa   Code   RO         4965    i.__kernel_poly     m_ws.l(poly.o)
    0x08003e76   0x08003e76   0x00000002   PAD
    0x08003e78   0x08003e78   0x000000ec   Code   RO         4972    i.__kernel_sin      m_ws.l(sin_i.o)
    0x08003f64   0x08003f64   0x00000006   Code   RO         4952    i.__mathlib_dbl_infnan  m_ws.l(dunder.o)
    0x08003f6a   0x08003f6a   0x0000000c   Code   RO         4954    i.__mathlib_dbl_invalid  m_ws.l(dunder.o)
    0x08003f76   0x08003f76   0x00000002   PAD
    0x08003f78   0x08003f78   0x00000010   Code   RO         4957    i.__mathlib_dbl_underflow  m_ws.l(dunder.o)
    0x08003f88   0x08003f88   0x0000000e   Code   RO         5032    i.__scatterload_copy  mc_w.l(handlers.o)
    0x08003f96   0x08003f96   0x00000002   Code   RO         5033    i.__scatterload_null  mc_w.l(handlers.o)
    0x08003f98   0x08003f98   0x0000000e   Code   RO         5034    i.__scatterload_zeroinit  mc_w.l(handlers.o)
    0x08003fa6   0x08003fa6   0x00000002   PAD
    0x08003fa8   0x08003fa8   0x0000000c   Code   RO         5008    i.__set_errno       mc_w.l(errno.o)
    0x08003fb4   0x08003fb4   0x0000027c   Code   RO         4886    i.acos              m_ws.l(acos.o)
    0x08004230   0x08004230   0x000001a8   Code   RO         4752    i.char2double       lora.o
    0x080043d8   0x080043d8   0x0000009c   Code   RO         4896    i.cos               m_ws.l(cos.o)
    0x08004474   0x08004474   0x000000ac   Code   RO         4753    i.distance_cal      lora.o
    0x08004520   0x08004520   0x0000000c   Code   RO         4054    i.inHandlerMode     cmsis_os.o
    0x0800452c   0x0800452c   0x00000048   Code   RO           20    i.main              main.o
    0x08004574   0x08004574   0x0000000c   Code   RO         4056    i.makeFreeRtosPriority  cmsis_os.o
    0x08004580   0x08004580   0x0000000e   Code   RO         4058    i.osDelay           cmsis_os.o
    0x0800458e   0x0800458e   0x0000000a   Code   RO         4061    i.osKernelStart     cmsis_os.o
    0x08004598   0x08004598   0x0000003e   Code   RO         4087    i.osSemaphoreCreate  cmsis_os.o
    0x080045d6   0x080045d6   0x00000002   PAD
    0x080045d8   0x080045d8   0x00000050   Code   RO         4090    i.osSemaphoreRelease  cmsis_os.o
    0x08004628   0x08004628   0x00000064   Code   RO         4091    i.osSemaphoreWait   cmsis_os.o
    0x0800468c   0x0800468c   0x0000005c   Code   RO         4092    i.osSignalSet       cmsis_os.o
    0x080046e8   0x080046e8   0x00000056   Code   RO         4093    i.osSignalWait      cmsis_os.o
    0x0800473e   0x0800473e   0x00000054   Code   RO         4095    i.osThreadCreate    cmsis_os.o
    0x08004792   0x08004792   0x00000002   PAD
    0x08004794   0x08004794   0x00000070   Code   RO         3753    i.prvAddCurrentTaskToDelayedList  tasks.o
    0x08004804   0x08004804   0x000000d0   Code   RO         3754    i.prvAddNewTaskToReadyList  tasks.o
    0x080048d4   0x080048d4   0x00000026   Code   RO         3438    i.prvCopyDataFromQueue  queue.o
    0x080048fa   0x080048fa   0x0000006c   Code   RO         3439    i.prvCopyDataToQueue  queue.o
    0x08004966   0x08004966   0x00000034   Code   RO         3755    i.prvDeleteTCB      tasks.o
    0x0800499a   0x0800499a   0x00000002   PAD
    0x0800499c   0x0800499c   0x0000004c   Code   RO         4423    i.prvHeapInit       heap_4.o
    0x080049e8   0x080049e8   0x00000060   Code   RO         3756    i.prvIdleTask       tasks.o
    0x08004a48   0x08004a48   0x00000016   Code   RO         3441    i.prvInitialiseNewQueue  queue.o
    0x08004a5e   0x08004a5e   0x0000008e   Code   RO         3757    i.prvInitialiseNewTask  tasks.o
    0x08004aec   0x08004aec   0x0000004c   Code   RO         4424    i.prvInsertBlockIntoFreeList  heap_4.o
    0x08004b38   0x08004b38   0x0000001c   Code   RO         3442    i.prvIsQueueEmpty   queue.o
    0x08004b54   0x08004b54   0x00000020   Code   RO         3758    i.prvResetNextTaskUnblockTime  tasks.o
    0x08004b74   0x08004b74   0x00000028   Code   RO         4486    i.prvTaskExitError  port.o
    0x08004b9c   0x08004b9c   0x00000014   Code   RO         3303    i.prvTestWaitCondition  event_groups.o
    0x08004bb0   0x08004bb0   0x0000006a   Code   RO         3443    i.prvUnlockQueue    queue.o
    0x08004c1a   0x08004c1a   0x00000002   PAD
    0x08004c1c   0x08004c1c   0x000000d8   Code   RO         4425    i.pvPortMalloc      heap_4.o
    0x08004cf4   0x08004cf4   0x00000018   Code   RO         3760    i.pvTaskIncrementMutexHeldCount  tasks.o
    0x08004d0c   0x08004d0c   0x00000024   Code   RO         4487    i.pxPortInitialiseStack  port.o
    0x08004d30   0x08004d30   0x000000a0   Code   RO         4904    i.sin               m_ws.l(sin.o)
    0x08004dd0   0x08004dd0   0x0000004c   Code   RO         4979    i.sqrt              m_ws.l(sqrt.o)
    0x08004e1c   0x08004e1c   0x00000024   Code   RO         4754    i.tran2rad          lora.o
    0x08004e40   0x08004e40   0x00000026   Code   RO         3398    i.uxListRemove      list.o
    0x08004e66   0x08004e66   0x00000002   PAD
    0x08004e68   0x08004e68   0x00000018   Code   RO         3765    i.uxTaskResetEventItemValue  tasks.o
    0x08004e80   0x08004e80   0x00000014   Code   RO          267    i.vApplicationGetIdleTaskMemory  freertos.o
    0x08004e94   0x08004e94   0x00000016   Code   RO         3399    i.vListInitialise   list.o
    0x08004eaa   0x08004eaa   0x00000006   Code   RO         3400    i.vListInitialiseItem  list.o
    0x08004eb0   0x08004eb0   0x00000030   Code   RO         3401    i.vListInsert       list.o
    0x08004ee0   0x08004ee0   0x00000018   Code   RO         3402    i.vListInsertEnd    list.o
    0x08004ef8   0x08004ef8   0x00000040   Code   RO         4489    i.vPortEnterCritical  port.o
    0x08004f38   0x08004f38   0x00000028   Code   RO         4490    i.vPortExitCritical  port.o
    0x08004f60   0x08004f60   0x0000005c   Code   RO         4426    i.vPortFree         heap_4.o
    0x08004fbc   0x08004fbc   0x00000024   Code   RO         4491    i.vPortSetupTimerInterrupt  port.o
    0x08004fe0   0x08004fe0   0x00000054   Code   RO         4492    i.vPortValidateInterruptPriority  port.o
    0x08005034   0x08005034   0x0000004c   Code   RO         3766    i.vTaskDelay        tasks.o
    0x08005080   0x08005080   0x00000010   Code   RO         3769    i.vTaskInternalSetTimeOutState  tasks.o
    0x08005090   0x08005090   0x0000000c   Code   RO         3770    i.vTaskMissedYield  tasks.o
    0x0800509c   0x0800509c   0x00000030   Code   RO         3772    i.vTaskPlaceOnEventList  tasks.o
    0x080050cc   0x080050cc   0x00000050   Code   RO         3773    i.vTaskPlaceOnUnorderedEventList  tasks.o
    0x0800511c   0x0800511c   0x000000a8   Code   RO         3774    i.vTaskPriorityDisinheritAfterTimeout  tasks.o
    0x080051c4   0x080051c4   0x00000070   Code   RO         3776    i.vTaskRemoveFromUnorderedEventList  tasks.o
    0x08005234   0x08005234   0x0000006c   Code   RO         3779    i.vTaskStartScheduler  tasks.o
    0x080052a0   0x080052a0   0x00000010   Code   RO         3781    i.vTaskSuspendAll   tasks.o
    0x080052b0   0x080052b0   0x0000005c   Code   RO         3782    i.vTaskSwitchContext  tasks.o
    0x0800530c   0x0800530c   0x0000001c   Code   RO         3308    i.xEventGroupCreate  event_groups.o
    0x08005328   0x08005328   0x0000008c   Code   RO         3311    i.xEventGroupSetBits  event_groups.o
    0x080053b4   0x080053b4   0x00000108   Code   RO         3313    i.xEventGroupWaitBits  event_groups.o
    0x080054bc   0x080054bc   0x000000a8   Code   RO         4493    i.xPortStartScheduler  port.o
    0x08005564   0x08005564   0x00000048   Code   RO         3452    i.xQueueGenericCreate  queue.o
    0x080055ac   0x080055ac   0x00000066   Code   RO         3453    i.xQueueGenericCreateStatic  queue.o
    0x08005612   0x08005612   0x00000002   PAD
    0x08005614   0x08005614   0x00000088   Code   RO         3454    i.xQueueGenericReset  queue.o
    0x0800569c   0x0800569c   0x00000160   Code   RO         3455    i.xQueueGenericSend  queue.o
    0x080057fc   0x080057fc   0x0000009c   Code   RO         3457    i.xQueueGiveFromISR  queue.o
    0x08005898   0x08005898   0x0000009a   Code   RO         3463    i.xQueueReceiveFromISR  queue.o
    0x08005932   0x08005932   0x00000002   PAD
    0x08005934   0x08005934   0x00000178   Code   RO         3464    i.xQueueSemaphoreTake  queue.o
    0x08005aac   0x08005aac   0x00000074   Code   RO         3783    i.xTaskCheckForTimeOut  tasks.o
    0x08005b20   0x08005b20   0x0000005a   Code   RO         3784    i.xTaskCreate       tasks.o
    0x08005b7a   0x08005b7a   0x00000056   Code   RO         3785    i.xTaskCreateStatic  tasks.o
    0x08005bd0   0x08005bd0   0x000000cc   Code   RO         3786    i.xTaskGenericNotify  tasks.o
    0x08005c9c   0x08005c9c   0x000000f0   Code   RO         3787    i.xTaskGenericNotifyFromISR  tasks.o
    0x08005d8c   0x08005d8c   0x0000001c   Code   RO         3789    i.xTaskGetSchedulerState  tasks.o
    0x08005da8   0x08005da8   0x000000c8   Code   RO         3792    i.xTaskIncrementTick  tasks.o
    0x08005e70   0x08005e70   0x0000008c   Code   RO         3794    i.xTaskNotifyWait   tasks.o
    0x08005efc   0x08005efc   0x00000098   Code   RO         3795    i.xTaskPriorityDisinherit  tasks.o
    0x08005f94   0x08005f94   0x00000094   Code   RO         3796    i.xTaskPriorityInherit  tasks.o
    0x08006028   0x08006028   0x00000074   Code   RO         3797    i.xTaskRemoveFromEventList  tasks.o
    0x0800609c   0x0800609c   0x000000c4   Code   RO         3798    i.xTaskResumeAll    tasks.o
    0x08006160   0x08006160   0x000000a8   Data   RO          269    .constdata          freertos.o
    0x08006208   0x08006208   0x00000010   Data   RO         3261    .constdata          system_stm32f1xx.o
    0x08006218   0x08006218   0x00000008   Data   RO         3262    .constdata          system_stm32f1xx.o
    0x08006220   0x08006220   0x00000050   Data   RO         4887    .constdata          m_ws.l(acos.o)
    0x08006270   0x08006270   0x00000030   Data   RO         4949    .constdata          m_ws.l(cos_i.o)
    0x080062a0   0x080062a0   0x000000c8   Data   RO         4969    .constdata          m_ws.l(rred.o)
    0x08006368   0x08006368   0x00000028   Data   RO         4973    .constdata          m_ws.l(sin_i.o)
    0x08006390   0x08006390   0x00000056   Data   RO          270    .conststring        freertos.o
    0x080063e6   0x080063e6   0x00000002   PAD
    0x080063e8   0x080063e8   0x00000020   Data   RO         5030    Region$$Table       anon$$obj.o


    Execution Region RW_IRAM1 (Exec base: 0x20000000, Load base: 0x08006408, Size: 0x00002698, Max: 0x0000c000, ABSOLUTE)

    Exec Addr    Load Addr    Size         Type   Attr      Idx    E Section Name        Object

    0x20000000   0x08006408   0x00000020   Data   RW          271    .data               freertos.o
    0x20000020   0x08006428   0x0000000c   Data   RW          979    .data               stm32f1xx_hal.o
    0x2000002c   0x08006434   0x00000004   Data   RW         3263    .data               system_stm32f1xx.o
    0x20000030   0x08006438   0x0000003c   Data   RW         3801    .data               tasks.o
    0x2000006c   0x08006474   0x00000018   Data   RW         4431    .data               heap_4.o
    0x20000084   0x0800648c   0x0000000c   Data   RW         4494    .data               port.o
    0x20000090   0x08006498   0x00000012   Data   RW         4566    .data               angle.o
    0x200000a2   0x080064aa   0x00000003   Data   RW         4594    .data               battery.o
    0x200000a5   0x080064ad   0x00000003   PAD
    0x200000a8   0x080064b0   0x00000020   Data   RW         4756    .data               lora.o
    0x200000c8   0x080064d0   0x00000004   Data   RW         5009    .data               mc_w.l(errno.o)
    0x200000cc        -       0x00000254   Zero   RW          268    .bss                freertos.o
    0x20000320        -       0x00000074   Zero   RW          362    .bss                adc.o
    0x20000394        -       0x00000110   Zero   RW          431    .bss                usart.o
    0x200004a4        -       0x00000048   Zero   RW          606    .bss                stm32f1xx_hal_timebase_tim.o
    0x200004ec        -       0x000000f0   Zero   RW         3800    .bss                tasks.o
    0x200005dc        -       0x00001800   Zero   RW         4430    .bss                heap_4.o
    0x20001ddc        -       0x0000006e   Zero   RW         4565    .bss                angle.o
    0x20001e4a        -       0x00000030   Zero   RW         4593    .bss                battery.o
    0x20001e7a        -       0x000000fb   Zero   RW         4621    .bss                gnss.o
    0x20001f75   0x080064d4   0x00000003   PAD
    0x20001f78        -       0x000002d8   Zero   RW         4755    .bss                lora.o
    0x20002250        -       0x00000048   Zero   RW         4862    .bss                pull.o
    0x20002298        -       0x00000400   Zero   RW            1    STACK               startup_stm32f103xe.o


==============================================================================

Image component sizes


      Code (inc. data)   RO Data    RW Data    ZI Data      Debug   Object Name

       372         36          0          0        116       1939   adc.o
       368         18          0         18        110       1528   angle.o
       120          8          0          3         48       1392   battery.o
       552         16          0          0          0      30729   cmsis_os.o
        44          4          0          0          0        778   dma.o
       452          4          0          0          0      24415   event_groups.o
       496         64        254         32        596       6252   freertos.o
       920         60          0          0        251       2544   gnss.o
       168         12          0          0          0        979   gpio.o
       460         24          0         24       6144       7311   heap_4.o
       138          0          0          0          0       3462   list.o
      1592        160          0         32        728       9524   lora.o
       410         64          0          0          0     575582   main.o
       662         70          0         12          0      11285   port.o
       164         24          0          0         72       1429   pull.o
      1650         14          0          0          0      15304   queue.o
        36          8        304          0       1024        808   startup_stm32f103xe.o
       100         18          0         12          0       5926   stm32f1xx_hal.o
      1136         60          0          0          0       8187   stm32f1xx_hal_adc.o
       216          6          0          0          0       1450   stm32f1xx_hal_adc_ex.o
       158         14          0          0          0      28238   stm32f1xx_hal_cortex.o
      1236         52          0          0          0       5194   stm32f1xx_hal_dma.o
       514         42          0          0          0       2936   stm32f1xx_hal_gpio.o
        72         10          0          0          0        890   stm32f1xx_hal_msp.o
      1336        110          0          0          0       5897   stm32f1xx_hal_rcc.o
       448         44          0          0          0       2597   stm32f1xx_hal_rcc_ex.o
       706         40          0          0          0       7160   stm32f1xx_hal_tim.o
         4          0          0          0          0       1585   stm32f1xx_hal_tim_ex.o
       116         16          0          0         72       1455   stm32f1xx_hal_timebase_tim.o
      1288         10          0          0          0       9720   stm32f1xx_hal_uart.o
        84         36          0          0          0       5333   stm32f1xx_it.o
         0          0          0          0          0        392   stream_buffer.o
         2          0         24          4          0       1151   system_stm32f1xx.o
      3134        232          0         60        240      30615   tasks.o
       624         64          0          0        272       3739   usart.o

    ----------------------------------------------------------------------
     19820       1340        616        200       9676     817726   Object Totals
         0          0         32          0          0          0   (incl. Generated)
        42          0          2          3          3          0   (incl. Padding)

    ----------------------------------------------------------------------

      Code (inc. data)   RO Data    RW Data    ZI Data      Debug   Library Member Name

       636         62         80          0          0        188   acos.o
       156          8          0          0          0        104   cos.o
       252         22         48          0          0        124   cos_i.o
        34          6          0          0          0        204   dunder.o
        40          0          0          0          0         68   fpclassify.o
       170          0          0          0          0         96   poly.o
       904         76        200          0          0        140   rred.o
       160         10          0          0          0        108   sin.o
       236         12         40          0          0        128   sin_i.o
        76          0          0          0          0         84   sqrt.o
         0          0          0          0          0          0   entry.o
         0          0          0          0          0          0   entry10a.o
         0          0          0          0          0          0   entry11a.o
         4          0          0          0          0          0   entry12b.o
         8          4          0          0          0          0   entry2.o
         4          0          0          0          0          0   entry5.o
         0          0          0          0          0          0   entry7b.o
         0          0          0          0          0          0   entry8b.o
         8          4          0          0          0          0   entry9a.o
        12          6          0          4          0         68   errno.o
        30          0          0          0          0          0   handlers.o
        36          8          0          0          0         68   init.o
         0          0          0          0          0          0   iusefp.o
        30          0          0          0          0         68   llshl.o
        36          0          0          0          0         68   llsshr.o
        32          0          0          0          0         68   llushr.o
        36          0          0          0          0         68   memcpya.o
        36          0          0          0          0        108   memseta.o
        48          0          0          0          0         68   cdcmple.o
        48          0          0          0          0         68   cdrcmple.o
        56          0          0          0          0         88   d2f.o
       334          0          0          0          0        148   dadd.o
       222          0          0          0          0        100   ddiv.o
       186          0          0          0          0        176   depilogue.o
        62          0          0          0          0         80   dfixi.o
        34          0          0          0          0         76   dflti.o
        26          0          0          0          0         76   dfltui.o
       228          0          0          0          0         96   dmul.o
        46          0          0          0          0         80   dscalb.o
       162          0          0          0          0        100   dsqrt.o
       124          0          0          0          0         88   fdiv.o
       110          0          0          0          0        168   fepilogue.o
        40          0          0          0          0         68   ffixui.o
        10          0          0          0          0         68   ffltui.o
       100          0          0          0          0         76   fmul.o
        24          0          0          0          0         68   fscalb.o

    ----------------------------------------------------------------------
      4804        218        368          4          0       3452   Library Totals
         8          0          0          0          0          0   (incl. Padding)

    ----------------------------------------------------------------------

      Code (inc. data)   RO Data    RW Data    ZI Data      Debug   Library Name

      2664        196        368          0          0       1244   m_ws.l
       272         22          0          4          0        516   mc_w.l
      1860          0          0          0          0       1692   mf_w.l

    ----------------------------------------------------------------------
      4804        218        368          4          0       3452   Library Totals

    ----------------------------------------------------------------------

==============================================================================


      Code (inc. data)   RO Data    RW Data    ZI Data      Debug   

     24624       1558        984        204       9676     810150   Grand Totals
     24624       1558        984        204       9676     810150   ELF Image Totals
     24624       1558        984        204          0          0   ROM Totals

==============================================================================

    Total RO  Size (Code + RO Data)                25608 (  25.01kB)
    Total RW  Size (RW Data + ZI Data)              9880 (   9.65kB)
    Total ROM Size (Code + RO Data + RW Data)      25812 (  25.21kB)

==============================================================================

